Archive member included because of file (symbol)

c:/sjsu_dev/toolchain/bin/../lib/gcc/arm-none-eabi/4.9.3/../../../../arm-none-eabi/lib/armv7-m\libstdc++_nano.a(class_type_info.o)
                              ./L5_Application/source/remote.o (vtable for __cxxabiv1::__class_type_info)
c:/sjsu_dev/toolchain/bin/../lib/gcc/arm-none-eabi/4.9.3/../../../../arm-none-eabi/lib/armv7-m\libstdc++_nano.a(guard.o)
                              ./L5_Application/source/cmd_handlers/handlers.o (__cxa_guard_acquire)
c:/sjsu_dev/toolchain/bin/../lib/gcc/arm-none-eabi/4.9.3/../../../../arm-none-eabi/lib/armv7-m\libstdc++_nano.a(vmi_class_type_info.o)
                              ./L2_Drivers/src/nrf_stream.o (vtable for __cxxabiv1::__vmi_class_type_info)
c:/sjsu_dev/toolchain/bin/../lib/gcc/arm-none-eabi/4.9.3/../../../../arm-none-eabi/lib/armv7-m\libstdc++_nano.a(si_class_type_info.o)
                              ./L5_Application/source/remote.o (vtable for __cxxabiv1::__si_class_type_info)
c:/sjsu_dev/toolchain/bin/../lib/gcc/arm-none-eabi/4.9.3/../../../../arm-none-eabi/lib/armv7-m\libstdc++_nano.a(pure.o)
                              ./L3_Utils/src/scheduler_task.o (__cxa_pure_virtual)
c:/sjsu_dev/toolchain/bin/../lib/gcc/arm-none-eabi/4.9.3/../../../../arm-none-eabi/lib/armv7-m\libstdc++_nano.a(eh_terminate.o)
                              c:/sjsu_dev/toolchain/bin/../lib/gcc/arm-none-eabi/4.9.3/../../../../arm-none-eabi/lib/armv7-m\libstdc++_nano.a(pure.o) (std::terminate())
c:/sjsu_dev/toolchain/bin/../lib/gcc/arm-none-eabi/4.9.3/../../../../arm-none-eabi/lib/armv7-m\libstdc++_nano.a(tinfo.o)
                              c:/sjsu_dev/toolchain/bin/../lib/gcc/arm-none-eabi/4.9.3/../../../../arm-none-eabi/lib/armv7-m\libstdc++_nano.a(class_type_info.o) (std::type_info::~type_info())
c:/sjsu_dev/toolchain/bin/../lib/gcc/arm-none-eabi/4.9.3/../../../../arm-none-eabi/lib/armv7-m\libstdc++_nano.a(eh_unex_handler.o)
                              c:/sjsu_dev/toolchain/bin/../lib/gcc/arm-none-eabi/4.9.3/../../../../arm-none-eabi/lib/armv7-m\libstdc++_nano.a(eh_terminate.o) (__cxxabiv1::__unexpected_handler)
c:/sjsu_dev/toolchain/bin/../lib/gcc/arm-none-eabi/4.9.3/../../../../arm-none-eabi/lib/armv7-m\libstdc++_nano.a(eh_term_handler.o)
                              c:/sjsu_dev/toolchain/bin/../lib/gcc/arm-none-eabi/4.9.3/../../../../arm-none-eabi/lib/armv7-m\libstdc++_nano.a(eh_terminate.o) (__cxxabiv1::__terminate_handler)
c:/sjsu_dev/toolchain/bin/../lib/gcc/arm-none-eabi/4.9.3/armv7-m\libgcc.a(_ashldi3.o)
                              ./L0_LowLevel/source/lpc_peripherals.o (__aeabi_llsl)
c:/sjsu_dev/toolchain/bin/../lib/gcc/arm-none-eabi/4.9.3/armv7-m\libgcc.a(_arm_addsubdf3.o)
                              ./L2_Drivers/base/uart_dev.o (__aeabi_dadd)
c:/sjsu_dev/toolchain/bin/../lib/gcc/arm-none-eabi/4.9.3/armv7-m\libgcc.a(_arm_fixunsdfsi.o)
                              ./L2_Drivers/base/uart_dev.o (__aeabi_d2uiz)
c:/sjsu_dev/toolchain/bin/../lib/gcc/arm-none-eabi/4.9.3/armv7-m\libgcc.a(_arm_truncdfsf2.o)
                              ./L3_Utils/src/str.o (__aeabi_d2f)
c:/sjsu_dev/toolchain/bin/../lib/gcc/arm-none-eabi/4.9.3/armv7-m\libgcc.a(_arm_addsubsf3.o)
                              ./L5_Application/source/cmd_handlers/handlers.o (__aeabi_fsub)
c:/sjsu_dev/toolchain/bin/../lib/gcc/arm-none-eabi/4.9.3/armv7-m\libgcc.a(_arm_muldivsf3.o)
                              ./L5_Application/source/cmd_handlers/handlers.o (__aeabi_fmul)
c:/sjsu_dev/toolchain/bin/../lib/gcc/arm-none-eabi/4.9.3/armv7-m\libgcc.a(_arm_cmpsf2.o)
                              ./L3_Utils/src/str.o (__aeabi_fcmplt)
c:/sjsu_dev/toolchain/bin/../lib/gcc/arm-none-eabi/4.9.3/armv7-m\libgcc.a(_arm_fixsfsi.o)
                              ./L5_Application/source/cmd_handlers/handlers.o (__aeabi_f2iz)
c:/sjsu_dev/toolchain/bin/../lib/gcc/arm-none-eabi/4.9.3/armv7-m\libgcc.a(_arm_fixunssfsi.o)
                              ./L5_Application/source/high_level_init.o (__aeabi_f2uiz)
c:/sjsu_dev/toolchain/bin/../lib/gcc/arm-none-eabi/4.9.3/armv7-m\libgcc.a(_aeabi_uldivmod.o)
                              ./L5_Application/source/cmd_handlers/handlers.o (__aeabi_uldivmod)
c:/sjsu_dev/toolchain/bin/../lib/gcc/arm-none-eabi/4.9.3/armv7-m\libgcc.a(bpabi.o)
                              c:/sjsu_dev/toolchain/bin/../lib/gcc/arm-none-eabi/4.9.3/armv7-m\libgcc.a(_aeabi_uldivmod.o) (__gnu_uldivmod_helper)
c:/sjsu_dev/toolchain/bin/../lib/gcc/arm-none-eabi/4.9.3/armv7-m\libgcc.a(_dvmd_tls.o)
                              c:/sjsu_dev/toolchain/bin/../lib/gcc/arm-none-eabi/4.9.3/armv7-m\libgcc.a(_aeabi_uldivmod.o) (__aeabi_ldiv0)
c:/sjsu_dev/toolchain/bin/../lib/gcc/arm-none-eabi/4.9.3/armv7-m\libgcc.a(_divdi3.o)
                              c:/sjsu_dev/toolchain/bin/../lib/gcc/arm-none-eabi/4.9.3/armv7-m\libgcc.a(bpabi.o) (__divdi3)
c:/sjsu_dev/toolchain/bin/../lib/gcc/arm-none-eabi/4.9.3/armv7-m\libgcc.a(_udivdi3.o)
[...]
Memory Configuration

Name             Origin             Length             Attributes
FLASH            0x00010000         0x00070000         xr
SRAM             0x10000000         0x00008000         xrw
SRAM_AHB         0x2007c000         0x00008000         xrw
*default*        0x00000000         0xffffffff

Linker script and memory map

LOAD ./newlib/malloc_lock.o
LOAD ./newlib/memory.o
LOAD ./newlib/newlib_syscalls.o
LOAD ./newlib/newlib_time.o
LOAD ./L5_Application/source/cmd_handlers/handlers.o
LOAD ./L5_Application/source/cmd_handlers/prog_handlers.o
LOAD ./L5_Application/source/cmd_handlers/wireless_handlers.o
LOAD ./L5_Application/source/high_level_init.o
LOAD ./L5_Application/source/remote.o
LOAD ./L5_Application/source/terminal.o
LOAD ./L5_Application/periodic_scheduler/period_callbacks.o
LOAD ./L5_Application/periodic_scheduler/prd_dispatcher.o
LOAD ./L5_Application/labs/lab2_led_switch.o
LOAD ./L5_Application/examples/examples.o
LOAD ./L5_Application/examples/rn_xv_task.o
LOAD ./L5_Application/main.o
LOAD ./L5_Application/ultrabackup.o
LOAD ./L4_IO/wireless/src/mesh.o
LOAD ./L4_IO/wireless/src/nrf24L01Plus.o
LOAD ./L4_IO/wireless/src/wireless.o
LOAD ./L4_IO/src/gpio.o
LOAD ./L4_IO/src/io_source.o
LOAD ./L4_IO/src/storage.o
LOAD ./L4_IO/fat/option/ccsbcs.o
LOAD ./L4_IO/fat/option/reentrant.o
LOAD ./L4_IO/fat/disk/diskio.o
LOAD ./L4_IO/fat/disk/sd.o
LOAD ./L4_IO/fat/disk/spi_flash.o
LOAD ./L4_IO/fat/fatfs_time.o
LOAD ./L4_IO/fat/ff.o
LOAD ./L3_Utils/tlm/src/c_tlm_binary.o
LOAD ./L3_Utils/tlm/src/c_tlm_comp.o
LOAD ./L3_Utils/tlm/src/c_tlm_stream.o
LOAD ./L3_Utils/tlm/src/c_tlm_var.o
LOAD ./L3_Utils/src/c_list.o
LOAD ./L3_Utils/src/command_handler.o
LOAD ./L3_Utils/src/file_logger.o
LOAD ./L3_Utils/src/freertos_timer.o
LOAD ./L3_Utils/src/printf_lib.o
LOAD ./L3_Utils/src/rtc_alarm.o
LOAD ./L3_Utils/src/scheduler_task.o
LOAD ./L3_Utils/src/str.o
LOAD ./L3_Utils/src/utilities.o
LOAD ./L2_Drivers/src/adc.o
LOAD ./L2_Drivers/src/can.o
LOAD ./L2_Drivers/src/eint.o
LOAD ./L2_Drivers/src/i2c2.o
LOAD ./L2_Drivers/src/lpc_pwm.o
LOAD ./L2_Drivers/src/lpc_rit.o
LOAD ./L2_Drivers/src/lpc_timers.o
LOAD ./L2_Drivers/src/nrf_stream.o
LOAD ./L2_Drivers/src/rtc.o
LOAD ./L2_Drivers/src/spi_dma.o
LOAD ./L2_Drivers/src/spi_sem.o
LOAD ./L2_Drivers/src/uart0.o
LOAD ./L2_Drivers/src/uart2.o
LOAD ./L2_Drivers/src/uart3.o
LOAD ./L2_Drivers/base/char_dev.o
LOAD ./L2_Drivers/base/i2c_base.o
LOAD ./L2_Drivers/base/uart_dev.o
LOAD ./L1_FreeRTOS/src/croutine.o
LOAD ./L1_FreeRTOS/src/event_groups.o
LOAD ./L1_FreeRTOS/src/list.o
LOAD ./L1_FreeRTOS/src/queue.o
LOAD ./L1_FreeRTOS/src/tasks.o
LOAD ./L1_FreeRTOS/src/timers.o
LOAD ./L1_FreeRTOS/portable/no_mpu/port.o
LOAD ./L1_FreeRTOS/portable/run_time_stats.o
LOAD ./L1_FreeRTOS/hooks/hooks.o
LOAD ./L0_LowLevel/source/core_cm3.o
LOAD ./L0_LowLevel/source/gpio.o
LOAD ./L0_LowLevel/source/low_level_init.o
LOAD ./L0_LowLevel/source/lpc_peripherals.o
LOAD ./L0_LowLevel/source/lpc_sys.o
LOAD ./L0_LowLevel/source/startup.o
LOAD ./L0_LowLevel/source/sys_clock.o
LOAD ./L0_LowLevel/source/uart0_min.o
LOAD c:/sjsu_dev/toolchain/bin/../lib/gcc/arm-none-eabi/4.9.3/../../../../arm-none-eabi/lib/armv7-m\libstdc++_nano.a
LOAD c:/sjsu_dev/toolchain/bin/../lib/gcc/arm-none-eabi/4.9.3/../../../../arm-none-eabi/lib/armv7-m\libm.a
START GROUP
LOAD c:/sjsu_dev/toolchain/bin/../lib/gcc/arm-none-eabi/4.9.3/armv7-m\libgcc.a
LOAD c:/sjsu_dev/toolchain/bin/../lib/gcc/arm-none-eabi/4.9.3/../../../../arm-none-eabi/lib/armv7-m\libc_nano.a
END GROUP
START GROUP
LOAD c:/sjsu_dev/toolchain/bin/../lib/gcc/arm-none-eabi/4.9.3/armv7-m\libgcc.a
LOAD c:/sjsu_dev/toolchain/bin/../lib/gcc/arm-none-eabi/4.9.3/../../../../arm-none-eabi/lib/armv7-m\libc_nano.a
END GROUP

.text           0x00010000    0x15edc
 FILL mask 0xff
 *(.isr_vector)
 .isr_vector    0x00010000       0xcc ./L0_LowLevel/source/startup.o
                0x00010000                g_pfnVectors
                0x000100cc                . = ALIGN (0x4)
                0x000100cc                __section_table_start = .
                0x000100cc                __data_section_table = .
                0x000100cc        0x4 LONG 0x25ee4 LOADADDR (.data)
                0x000100d0        0x4 LONG 0x2007c000 ADDR (.data)
                0x000100d4        0x4 LONG 0x1bc SIZEOF (.data)
                0x000100d8                __data_section_table_end = .
                0x000100d8                __bss_section_table = .
                0x000100d8        0x4 LONG 0x2007c1c0 ADDR (.bss)
                0x000100dc        0x4 LONG 0x494 SIZEOF (.bss)
                0x000100e0                __bss_section_table_end = .
                0x000100e0                __section_table_end = .
 *(.after_vectors*)
 .after_vectors
                0x000100e0      0x120 ./L0_LowLevel/source/startup.o
                0x000100e0                isr_hard_fault
                0x000100fa                isr_nmi
                0x00010108                isr_mem_fault
                0x00010118                isr_bus_fault
                0x00010128                isr_usage_fault
                0x00010138                isr_debug_mon
                0x00010148                TIMER3_IRQHandler
                0x00010148                UART1_IRQHandler
                0x00010148                EINT2_IRQHandler
                0x00010148                USBAct_IRQHandler
                0x00010148                PLL0_IRQHandler
                0x00010148                I2C1_IRQHandler
                0x00010148                PLL1_IRQHandler
                0x00010148                SSP0_IRQHandler
                0x00010148                CANAct_IRQHandler
                0x00010148                I2S_IRQHandler
                0x00010148                PWM1_IRQHandler
                0x00010148                SPI_IRQHandler
                0x00010148                TIMER2_IRQHandler
                0x00010148                EINT1_IRQHandler
                0x00010148                isr_default_handler
                0x00010148                SSP1_IRQHandler
                0x00010148                ENET_IRQHandler
                0x00010148                USB_IRQHandler
                0x00010148                BOD_IRQHandler
                0x00010148                MCPWM_IRQHandler
                0x00010148                WDT_IRQHandler
                0x00010148                I2C0_IRQHandler
                0x00010148                QEI_IRQHandler
                0x00010148                EINT0_IRQHandler
                0x00010148                DMA_IRQHandler
                0x00010148                TIMER0_IRQHandler
                0x00010158                isr_sys_tick
                0x0001016a                data_init(unsigned int, unsigned int, unsigned int)
                0x00010180                bss_init(unsigned int, unsigned int)
                0x00010192                isr_reset
 *(.text*)
 .text._sbrk    0x00010200       0x78 ./newlib/memory.o
                0x00010200                _sbrk
 .text._Znwj    0x00010278        0x4 ./newlib/memory.o
                0x00010278                operator new(unsigned int)
 .text._ZdlPv   0x0001027c        0x4 ./newlib/memory.o
                0x0001027c                operator delete(void*)
 .text._ZdaPv   0x00010280        0x4 ./newlib/memory.o
                0x00010280                operator delete[](void*)
 .text.sys_get_mem_info
                0x00010284       0xb0 ./newlib/memory.o
                0x00010284                sys_get_mem_info
 .text.__aeabi_atexit
                0x00010334        0x4 ./newlib/memory.o
                0x00010334                __aeabi_atexit
 .text._ZN9__gnu_cxx27__verbose_terminate_handlerEv
                0x00010338        0x2 ./newlib/memory.o
                0x00010338                __gnu_cxx::__verbose_terminate_handler()
 *fill*         0x0001033a        0x2 
 .text.sys_set_outchar_func
                0x0001033c        0xc ./newlib/newlib_syscalls.o
                0x0001033c                sys_set_outchar_func
 .text.sys_set_inchar_func
                0x00010348        0xc ./newlib/newlib_syscalls.o
                0x00010348                sys_set_inchar_func
 .text._kill    0x00010354       0x10 ./newlib/newlib_syscalls.o
                0x00010354                _kill
 .text._exit    0x00010364       0x10 ./newlib/newlib_syscalls.o
                0x00010364                _exit
 .text._getpid  0x00010374        0x4 ./newlib/newlib_syscalls.o
                0x00010374                _getpid
 .text._init    0x00010378        0x4 ./newlib/newlib_syscalls.o
                0x00010378                _init
 .text._write   0x0001037c       0x28 ./newlib/newlib_syscalls.o
                0x0001037c                _write
 .text._read    0x000103a4       0x2c ./newlib/newlib_syscalls.o
                0x000103a4                _read
 .text.syscalls_init
                0x000103d0        0x2 ./newlib/newlib_syscalls.o
                0x000103d0                syscalls_init
 .text._fstat   0x000103d2        0x4 ./newlib/newlib_syscalls.o
                0x000103d2                _fstat
 *fill*         0x000103d6        0x2 
 .text._isatty  0x000103d8       0x24 ./newlib/newlib_syscalls.o
                0x000103d8                _isatty
 .text._lseek   0x000103fc        0x4 ./newlib/newlib_syscalls.o
                0x000103fc                _lseek
 .text._close   0x00010400        0x4 ./newlib/newlib_syscalls.o
                0x00010400                _close
 .text._gettimeofday
                0x00010404       0x7a ./newlib/newlib_time.o
                0x00010404                _gettimeofday
 *fill*         0x0001047e        0x2 
 .text._ZN7Storage13getFlashDriveEv
                0x00010480       0x48 ./L5_Application/source/cmd_handlers/handlers.o
                0x00010480                Storage::getFlashDrive()
 .text._ZN7Storage10getSDDriveEv
                0x000104c8       0x48 ./L5_Application/source/cmd_handlers/handlers.o
                0x000104c8                Storage::getSDDrive()
 .text._Z15taskListHandlerR3strR7CharDevPv
                0x00010510       0xec ./L5_Application/source/cmd_handlers/handlers.o
                0x00010510                taskListHandler(str&, CharDev&, void*)
 .text._Z14memInfoHandlerR3strR7CharDevPv
                0x000105fc       0x22 ./L5_Application/source/cmd_handlers/handlers.o
                0x000105fc                memInfoHandler(str&, CharDev&, void*)
 *fill*         0x0001061e        0x2 
 .text._Z11timeHandlerR3strR7CharDevPv
                0x00010620       0xc4 ./L5_Application/source/cmd_handlers/handlers.o
                0x00010620                timeHandler(str&, CharDev&, void*)
 .text._Z10logHandlerR3strR7CharDevPv
                0x000106e4      0x194 ./L5_Application/source/cmd_handlers/handlers.o
                0x000106e4                logHandler(str&, CharDev&, void*)
 .text._Z9cpHandlerR3strR7CharDevPv
                0x00010878       0x80 ./L5_Application/source/cmd_handlers/handlers.o
                0x00010878                cpHandler(str&, CharDev&, void*)
 .text._Z10catHandlerR3strR7CharDevPv
                0x000108f8      0x10c ./L5_Application/source/cmd_handlers/handlers.o
                0x000108f8                catHandler(str&, CharDev&, void*)
 .text._Z9lsHandlerR3strR7CharDevPv
                0x00010a04      0x180 ./L5_Application/source/cmd_handlers/handlers.o
                0x00010a04                lsHandler(str&, CharDev&, void*)
 .text._Z12mkdirHandlerR3strR7CharDevPv
                0x00010b84       0x3c ./L5_Application/source/cmd_handlers/handlers.o
                0x00010b84                mkdirHandler(str&, CharDev&, void*)
 .text._Z9rmHandlerR3strR7CharDevPv
                0x00010bc0       0x3c ./L5_Application/source/cmd_handlers/handlers.o
                0x00010bc0                rmHandler(str&, CharDev&, void*)
 .text._Z9mvHandlerR3strR7CharDevPv
                0x00010bfc       0x5c ./L5_Application/source/cmd_handlers/handlers.o
                0x00010bfc                mvHandler(str&, CharDev&, void*)
 .text._Z14newFileHandlerR3strR7CharDevPv
                0x00010c58       0xb0 ./L5_Application/source/cmd_handlers/handlers.o
                0x00010c58                newFileHandler(str&, CharDev&, void*)
 .text._Z10dcpHandlerR3strR7CharDevPv
                0x00010d08      0x140 ./L5_Application/source/cmd_handlers/handlers.o
                0x00010d08                dcpHandler(str&, CharDev&, void*)
 .text._Z14storageHandlerR3strR7CharDevPv
                0x00010e48       0xbc ./L5_Application/source/cmd_handlers/handlers.o
                0x00010e48                storageHandler(str&, CharDev&, void*)
 .text._Z13rebootHandlerR3strR7CharDevPv
                0x00010f04       0x30 ./L5_Application/source/cmd_handlers/handlers.o
                0x00010f04                rebootHandler(str&, CharDev&, void*)
 .text._Z14learnIrHandlerR3strR7CharDevPv
                0x00010f34       0x34 ./L5_Application/source/cmd_handlers/handlers.o
                0x00010f34                learnIrHandler(str&, CharDev&, void*)
 .text._ZN17SingletonTemplateI4I2C2E11getInstanceEv
                0x00010f68       0x20 ./L5_Application/source/cmd_handlers/handlers.o
                0x00010f68                SingletonTemplate<I2C2>::getInstance()
 .text._Z12i2cIoHandlerR3strR7CharDevPv
                0x00010f88      0x198 ./L5_Application/source/cmd_handlers/handlers.o
                0x00010f88                i2cIoHandler(str&, CharDev&, void*)
 .text._Z13healthHandlerR3strR7CharDevPv
                0x00011120      0x1a4 ./L5_Application/source/cmd_handlers/handlers.o
                0x00011120                healthHandler(str&, CharDev&, void*)
 .text._Z16flashProgHandlerR3strR7CharDevPv
                0x000112c4       0xac ./L5_Application/source/cmd_handlers/prog_handlers.o
                0x000112c4                flashProgHandler(str&, CharDev&, void*)
 .text._Z14getFileHandlerR3strR7CharDevPv
                0x00011370      0x130 ./L5_Application/source/cmd_handlers/prog_handlers.o
                0x00011370                getFileHandler(str&, CharDev&, void*)
 .text._ZL25wirelessHandlerPrintStatsR7CharDevP12mesh_stats_th
                0x000114a0       0x3c ./L5_Application/source/cmd_handlers/wireless_handlers.o
 .text._ZL14wsStatsHandlerR3strR7CharDevPv
                0x000114dc       0x1e ./L5_Application/source/cmd_handlers/wireless_handlers.o
 *fill*         0x000114fa        0x2 
 .text._ZL11wsTxHandlerR3strR7CharDevPv
                0x000114fc      0x118 ./L5_Application/source/cmd_handlers/wireless_handlers.o
 .text._ZL13wsAddrHandlerR3strR7CharDevPv
                0x00011614       0x34 ./L5_Application/source/cmd_handlers/wireless_handlers.o
 .text._Z12wsRteHandlerR3strR7CharDevPv
                0x00011648       0x74 ./L5_Application/source/cmd_handlers/wireless_handlers.o
                0x00011648                wsRteHandler(str&, CharDev&, void*)
 .text._ZL11wsRxHandlerR3strR7CharDevPv
                0x000116bc       0x80 ./L5_Application/source/cmd_handlers/wireless_handlers.o
 .text._Z15wirelessHandlerR3strR7CharDevPv
                0x0001173c      0x160 ./L5_Application/source/cmd_handlers/wireless_handlers.o
                0x0001173c                wirelessHandler(str&, CharDev&, void*)
 .text._ZN17SingletonTemplateI12NordicStreamE11getInstanceEv
                0x0001189c       0x20 ./L5_Application/source/cmd_handlers/wireless_handlers.o
                0x0001189c                SingletonTemplate<NordicStream>::getInstance()
 .text._ZL15wsFileTxHandlerR3strR7CharDevPv
                0x000118bc      0x22c ./L5_Application/source/cmd_handlers/wireless_handlers.o
 .text._ZL15wsStreamHandlerR3strR7CharDevPv
                0x00011ae8      0x11c ./L5_Application/source/cmd_handlers/wireless_handlers.o
 .text._ZL13hl_print_linev
                0x00011c04        0xc ./L5_Application/source/high_level_init.o
 .text.ssp_set_max_clock
                0x00011c10       0x2c ./L5_Application/source/high_level_init.o
 .text._ZL16hl_mount_storageR16FileSystemObjectPKc
                0x00011c3c       0x94 ./L5_Application/source/high_level_init.o
 .text._ZN17SingletonTemplateI11LED_DisplayE11getInstanceEv
                0x00011cd0       0x24 ./L5_Application/source/high_level_init.o
                0x00011cd0                SingletonTemplate<LED_Display>::getInstance()
 .text._ZN17SingletonTemplateI3LEDE11getInstanceEv
                0x00011cf4       0x1c ./L5_Application/source/high_level_init.o
                0x00011cf4                SingletonTemplate<LED>::getInstance()
 .text._ZN17SingletonTemplateI17TemperatureSensorE11getInstanceEv
                0x00011d10       0x28 ./L5_Application/source/high_level_init.o
                0x00011d10                SingletonTemplate<TemperatureSensor>::getInstance()
 .text._ZN17SingletonTemplateI12Light_SensorE11getInstanceEv
                0x00011d38       0x18 ./L5_Application/source/high_level_init.o
                0x00011d38                SingletonTemplate<Light_Sensor>::getInstance()
 .text._ZN17SingletonTemplateI8SwitchesE11getInstanceEv
                0x00011d50       0x18 ./L5_Application/source/high_level_init.o
                0x00011d50                SingletonTemplate<Switches>::getInstance()
 .text._Z15high_level_initv
                0x00011d68      0x548 ./L5_Application/source/high_level_init.o
                0x00011d68                high_level_init()
 .text._ZN14scheduler_task4initEv
                0x000122b0        0x4 ./L5_Application/source/remote.o
                0x000122b0                scheduler_task::init()
 .text._ZN14scheduler_task6regTlmEv
                0x000122b4        0x4 ./L5_Application/source/remote.o
                0x000122b4                scheduler_task::regTlm()
 .text._ZN14scheduler_task9taskEntryEv
                0x000122b8        0x4 ./L5_Application/source/remote.o
                0x000122b8                scheduler_task::taskEntry()
 .text._ZN17SingletonTemplateI9IR_SensorE11getInstanceEv
                0x000122bc       0x18 ./L5_Application/source/remote.o
                0x000122bc                SingletonTemplate<IR_Sensor>::getInstance()
 .text._ZN12terminalTask6regTlmEv
                0x000122d4        0x4 ./L5_Application/source/terminal.o
                0x000122d4                terminalTask::regTlm()
 .text._ZN6VECTORIN12terminalTask9cmdChan_tEE14changeCapacityEj.part.5
                0x000122d8       0x34 ./L5_Application/source/terminal.o
 .text._ZN12terminalTaskD2Ev
                0x0001230c       0x48 ./L5_Application/source/terminal.o
                0x0001230c                terminalTask::~terminalTask()
                0x0001230c                terminalTask::~terminalTask()
 .text._ZN12terminalTaskD0Ev
                0x00012354       0x12 ./L5_Application/source/terminal.o
                0x00012354                terminalTask::~terminalTask()
 *fill*         0x00012366        0x2 
 .text._ZN12terminalTaskC2Eh
                0x00012368       0xb0 ./L5_Application/source/terminal.o
                0x00012368                terminalTask::terminalTask(unsigned char)
                0x00012368                terminalTask::terminalTask(unsigned char)
 .text._ZN12terminalTask22handleEchoAndBackspaceEPNS_9cmdChan_tEc
                0x00012418       0x74 ./L5_Application/source/terminal.o
                0x00012418                terminalTask::handleEchoAndBackspace(terminalTask::cmdChan_t*, char)
 .text._ZN12terminalTask17addCommandChannelEP7CharDevb
                0x0001248c       0x40 ./L5_Application/source/terminal.o
                0x0001248c                terminalTask::addCommandChannel(CharDev*, bool)
 .text._ZN12terminalTask10getCommandEv
                0x000124cc      0x126 ./L5_Application/source/terminal.o
                0x000124cc                terminalTask::getCommand()
 *fill*         0x000125f2        0x2 
 .text._ZN12terminalTask3runEPv
                0x000125f4       0x98 ./L5_Application/source/terminal.o
                0x000125f4                terminalTask::run(void*)
 .text._ZN17SingletonTemplateI5Uart0E11getInstanceEv
                0x0001268c       0x20 ./L5_Application/source/terminal.o
                0x0001268c                SingletonTemplate<Uart0>::getInstance()
 .text._ZN5Uart017putcharIntrDrivenEc
                0x000126ac       0x18 ./L5_Application/source/terminal.o
                0x000126ac                Uart0::putcharIntrDriven(char)
 .text._ZN5Uart017getcharIntrDrivenEc
                0x000126c4       0x22 ./L5_Application/source/terminal.o
                0x000126c4                Uart0::getcharIntrDriven(char)
 *fill*         0x000126e6        0x2 
 .text._ZN12terminalTask9taskEntryEv
                0x000126e8      0x27c ./L5_Application/source/terminal.o
                0x000126e8                terminalTask::taskEntry()
 .text.period_init
                0x00012964        0xa ./L5_Application/periodic_scheduler/period_callbacks.o
                0x00012964                period_init
 .text.period_reg_tlm
                0x0001296e        0x4 ./L5_Application/periodic_scheduler/period_callbacks.o
                0x0001296e                period_reg_tlm
 .text.period_1Hz
                0x00012972        0x2 ./L5_Application/periodic_scheduler/period_callbacks.o
                0x00012972                period_1Hz
 .text.period_10Hz
                0x00012974        0x4 ./L5_Application/periodic_scheduler/period_callbacks.o
                0x00012974                period_10Hz
 .text.period_100Hz
                0x00012978        0x2 ./L5_Application/periodic_scheduler/period_callbacks.o
                0x00012978                period_100Hz
 .text.period_1000Hz
                0x0001297a        0x2 ./L5_Application/periodic_scheduler/period_callbacks.o
                0x0001297a                period_1000Hz
 .text._ZN21periodicSchedulerTaskD2Ev
                0x0001297c        0x2 ./L5_Application/periodic_scheduler/prd_dispatcher.o
                0x0001297c                periodicSchedulerTask::~periodicSchedulerTask()
                0x0001297c                periodicSchedulerTask::~periodicSchedulerTask()
 *fill*         0x0001297e        0x2 
 .text._Z15period_task_1HzPv
                0x00012980       0x20 ./L5_Application/periodic_scheduler/prd_dispatcher.o
                0x00012980                period_task_1Hz(void*)
 .text._Z16period_task_10HzPv
                0x000129a0       0x20 ./L5_Application/periodic_scheduler/prd_dispatcher.o
                0x000129a0                period_task_10Hz(void*)
 .text._Z17period_task_100HzPv
                0x000129c0       0x20 ./L5_Application/periodic_scheduler/prd_dispatcher.o
                0x000129c0                period_task_100Hz(void*)
 .text._Z18period_task_1000HzPv
                0x000129e0       0x20 ./L5_Application/periodic_scheduler/prd_dispatcher.o
                0x000129e0                period_task_1000Hz(void*)
 .text._ZN21periodicSchedulerTask4initEv
                0x00012a00        0x4 ./L5_Application/periodic_scheduler/prd_dispatcher.o
                0x00012a00                periodicSchedulerTask::init()
 .text._ZN21periodicSchedulerTask6regTlmEv
                0x00012a04        0x4 ./L5_Application/periodic_scheduler/prd_dispatcher.o
                0x00012a04                periodicSchedulerTask::regTlm()
 .text._ZN21periodicSchedulerTaskD0Ev
                0x00012a08        0xc ./L5_Application/periodic_scheduler/prd_dispatcher.o
                0x00012a08                periodicSchedulerTask::~periodicSchedulerTask()
 .text._ZN21periodicSchedulerTaskC2Ev
                0x00012a14       0xec ./L5_Application/periodic_scheduler/prd_dispatcher.o
                0x00012a14                periodicSchedulerTask::periodicSchedulerTask()
                0x00012a14                periodicSchedulerTask::periodicSchedulerTask()
 .text._ZN21periodicSchedulerTask23handlePeriodicSemaphoreEhh
                0x00012b00       0x88 ./L5_Application/periodic_scheduler/prd_dispatcher.o
                0x00012b00                periodicSchedulerTask::handlePeriodicSemaphore(unsigned char, unsigned char)
 .text._ZN21periodicSchedulerTask3runEPv
                0x00012b88       0x34 ./L5_Application/periodic_scheduler/prd_dispatcher.o
                0x00012b88                periodicSchedulerTask::run(void*)
 .text.switch_press_callback
                0x00012bbc       0x24 ./L5_Application/labs/lab2_led_switch.o
                0x00012bbc                switch_press_callback
 .text.init_switch_board
                0x00012be0       0x3c ./L5_Application/labs/lab2_led_switch.o
                0x00012be0                init_switch_board
 .text.process_switch_input
                0x00012c1c       0x60 ./L5_Application/labs/lab2_led_switch.o
                0x00012c1c                process_switch_input
 .text.startup._GLOBAL__sub_I_switch_pressed
                0x00012c7c       0x28 ./L5_Application/labs/lab2_led_switch.o
 .text._ZN12wirelessTaskD2Ev
                0x00012ca4        0x2 ./L5_Application/main.o
                0x00012ca4                wirelessTask::~wirelessTask()
                0x00012ca4                wirelessTask::~wirelessTask()
 .text._ZN12wirelessTask3runEPv
                0x00012ca6        0xa ./L5_Application/main.o
                0x00012ca6                wirelessTask::run(void*)
 .text._ZN12wirelessTaskD0Ev
                0x00012cb0        0xc ./L5_Application/main.o
                0x00012cb0                wirelessTask::~wirelessTask()
 .text.startup.main
                0x00012cbc       0x64 ./L5_Application/main.o
                0x00012cbc                main
 .text.mesh_incr_soft_timers_for_arr
                0x00012d20       0x26 ./L4_IO/wireless/src/mesh.o
 *fill*         0x00012d46        0x2 
 .text.mesh_update_soft_timers
                0x00012d48       0x4c ./L4_IO/wireless/src/mesh.o
 .text.mesh_send_packet
                0x00012d94       0x3c ./L4_IO/wireless/src/mesh.o
 .text.mesh_send_retry_packet
                0x00012dd0       0x34 ./L4_IO/wireless/src/mesh.o
 .text.mesh_find_rte_tbl_entry
                0x00012e04       0x24 ./L4_IO/wireless/src/mesh.o
 .text.mesh_update_rte_scores
                0x00012e28       0x28 ./L4_IO/wireless/src/mesh.o
 .text.mesh_get_pnd_pkt_slot
                0x00012e50       0x42 ./L4_IO/wireless/src/mesh.o
 *fill*         0x00012e92        0x2 
 .text.mesh_pending_packets_add
                0x00012e94       0x90 ./L4_IO/wireless/src/mesh.o
 .text.mesh_get_rte_to_modify
                0x00012f24       0x60 ./L4_IO/wireless/src/mesh.o
 .text.mesh_handle_pnd_pkts_for_arr
                0x00012f84      0x180 ./L4_IO/wireless/src/mesh.o
 .text.mesh_set_node_address
                0x00013104       0x18 ./L4_IO/wireless/src/mesh.o
                0x00013104                mesh_set_node_address
 .text.mesh_get_node_address
                0x0001311c        0xc ./L4_IO/wireless/src/mesh.o
                0x0001311c                mesh_get_node_address
 .text.mesh_set_retry_count
                0x00013128       0x10 ./L4_IO/wireless/src/mesh.o
                0x00013128                mesh_set_retry_count
 .text.mesh_form_pkt
                0x00013138       0xfc ./L4_IO/wireless/src/mesh.o
                0x00013138                mesh_form_pkt
 .text.mesh_send_formed_pkt
                0x00013234       0x50 ./L4_IO/wireless/src/mesh.o
                0x00013234                mesh_send_formed_pkt
 .text.mesh_init
                0x00013284      0x104 ./L4_IO/wireless/src/mesh.o
                0x00013284                mesh_init
 .text.mesh_send
                0x00013388       0x3e ./L4_IO/wireless/src/mesh.o
                0x00013388                mesh_send
 .text.mesh_send_ack
                0x000133c6       0x1a ./L4_IO/wireless/src/mesh.o
 .text.mesh_get_routing_entry
                0x000133e0       0x2c ./L4_IO/wireless/src/mesh.o
                0x000133e0                mesh_get_routing_entry
 .text.mesh_get_num_routing_entries
                0x0001340c       0x1c ./L4_IO/wireless/src/mesh.o
                0x0001340c                mesh_get_num_routing_entries
 .text.mesh_service
                0x00013428      0x2c4 ./L4_IO/wireless/src/mesh.o
                0x00013428                mesh_service
 .text.mesh_get_pnd_pkt_count
                0x000136ec       0x34 ./L4_IO/wireless/src/mesh.o
                0x000136ec                mesh_get_pnd_pkt_count
 .text.mesh_get_max_timeout_before_packet_fails
                0x00013720       0x24 ./L4_IO/wireless/src/mesh.o
                0x00013720                mesh_get_max_timeout_before_packet_fails
 .text.mesh_get_stats
                0x00013744       0x14 ./L4_IO/wireless/src/mesh.o
                0x00013744                mesh_get_stats
 .text.nordic_transfer
                0x00013758      0x110 ./L4_IO/wireless/src/nrf24L01Plus.o
 .text.nordic_readRegister
                0x00013868       0x20 ./L4_IO/wireless/src/nrf24L01Plus.o
 .text.nordic_writeRegister
                0x00013888       0x20 ./L4_IO/wireless/src/nrf24L01Plus.o
 .text.nordic_is_tx_fifo_empty
                0x000138a8        0xe ./L4_IO/wireless/src/nrf24L01Plus.o
                0x000138a8                nordic_is_tx_fifo_empty
 .text.nordic_clear_all_intr_flags
                0x000138b6        0x8 ./L4_IO/wireless/src/nrf24L01Plus.o
                0x000138b6                nordic_clear_all_intr_flags
 .text.nordic_queue_tx_fifo
                0x000138be        0xe ./L4_IO/wireless/src/nrf24L01Plus.o
                0x000138be                nordic_queue_tx_fifo
 .text.nordic_standby1_to_tx_mode1
                0x000138cc       0x16 ./L4_IO/wireless/src/nrf24L01Plus.o
                0x000138cc                nordic_standby1_to_tx_mode1
 *fill*         0x000138e2        0x2 
 .text.nordic_rx_to_Stanby1
                0x000138e4       0x10 ./L4_IO/wireless/src/nrf24L01Plus.o
                0x000138e4                nordic_rx_to_Stanby1
 .text.nordic_standby1_to_rx
                0x000138f4       0x24 ./L4_IO/wireless/src/nrf24L01Plus.o
                0x000138f4                nordic_standby1_to_rx
 .text.nordic_clear_packet_sent_flag
                0x00013918        0x8 ./L4_IO/wireless/src/nrf24L01Plus.o
                0x00013918                nordic_clear_packet_sent_flag
 .text.nordic_flush_tx_fifo
                0x00013920        0xc ./L4_IO/wireless/src/nrf24L01Plus.o
                0x00013920                nordic_flush_tx_fifo
 .text.nordic_mode1_send_single_packet
                0x0001392c       0x4c ./L4_IO/wireless/src/nrf24L01Plus.o
                0x0001392c                nordic_mode1_send_single_packet
 .text.nordic_is_packet_available
                0x00013978       0x12 ./L4_IO/wireless/src/nrf24L01Plus.o
                0x00013978                nordic_is_packet_available
 .text.nordic_clear_packet_available_flag
                0x0001398a        0x8 ./L4_IO/wireless/src/nrf24L01Plus.o
                0x0001398a                nordic_clear_packet_available_flag
 .text.nordic_read_rx_fifo
                0x00013992       0x16 ./L4_IO/wireless/src/nrf24L01Plus.o
                0x00013992                nordic_read_rx_fifo
 .text.nordic_flush_rx_fifo
                0x000139a8        0xc ./L4_IO/wireless/src/nrf24L01Plus.o
                0x000139a8                nordic_flush_rx_fifo
 .text.nordic_set_intr_signals
                0x000139b4       0x3e ./L4_IO/wireless/src/nrf24L01Plus.o
                0x000139b4                nordic_set_intr_signals
 .text.nordic_set_crc
                0x000139f2       0x38 ./L4_IO/wireless/src/nrf24L01Plus.o
                0x000139f2                nordic_set_crc
 .text.nordic_power_up
                0x00013a2a       0x18 ./L4_IO/wireless/src/nrf24L01Plus.o
                0x00013a2a                nordic_power_up
 .text.nordic_power_down
                0x00013a42       0x16 ./L4_IO/wireless/src/nrf24L01Plus.o
                0x00013a42                nordic_power_down
 .text.nordic_set_channel
                0x00013a58       0x24 ./L4_IO/wireless/src/nrf24L01Plus.o
                0x00013a58                nordic_set_channel
 .text.nordic_set_air_data_rate
                0x00013a7c       0x2c ./L4_IO/wireless/src/nrf24L01Plus.o
                0x00013a7c                nordic_set_air_data_rate
 .text.nordic_set_power_level
                0x00013aa8       0x24 ./L4_IO/wireless/src/nrf24L01Plus.o
                0x00013aa8                nordic_set_power_level
 .text.nordic_set_auto_transmit_options
                0x00013acc       0x32 ./L4_IO/wireless/src/nrf24L01Plus.o
                0x00013acc                nordic_set_auto_transmit_options
 .text.nordic_set_payload_for_pipe
                0x00013afe       0x14 ./L4_IO/wireless/src/nrf24L01Plus.o
                0x00013afe                nordic_set_payload_for_pipe
 .text.nordic_set_addr_width
                0x00013b12       0x16 ./L4_IO/wireless/src/nrf24L01Plus.o
                0x00013b12                nordic_set_addr_width
 .text.nordic_set_tx_address
                0x00013b28        0xe ./L4_IO/wireless/src/nrf24L01Plus.o
                0x00013b28                nordic_set_tx_address
 .text.nordic_set_rx_pipe0_addr
                0x00013b36        0xe ./L4_IO/wireless/src/nrf24L01Plus.o
                0x00013b36                nordic_set_rx_pipe0_addr
 .text.nordic_init
                0x00013b44       0xc8 ./L4_IO/wireless/src/nrf24L01Plus.o
                0x00013b44                nordic_init
 .text.nrf_irq_callback
                0x00013c0c       0x30 ./L4_IO/wireless/src/wireless.o
 .text.nrf_driver_init
                0x00013c3c       0x70 ./L4_IO/wireless/src/wireless.o
 .text.nrf_driver_app_recv
                0x00013cac       0x50 ./L4_IO/wireless/src/wireless.o
 .text.nrf_driver_send
                0x00013cfc       0x5c ./L4_IO/wireless/src/wireless.o
 .text.nrf_driver_receive
                0x00013d58       0x22 ./L4_IO/wireless/src/wireless.o
 .text.wireless_get_queued_pkt
                0x00013d7a       0x64 ./L4_IO/wireless/src/wireless.o
 .text.nrf_driver_get_timer
                0x00013dde       0x28 ./L4_IO/wireless/src/wireless.o
 *fill*         0x00013e06        0x2 
 .text.wireless_init
                0x00013e08       0x4c ./L4_IO/wireless/src/wireless.o
                0x00013e08                wireless_init
 .text.wireless_get_rx_pkt
                0x00013e54       0x14 ./L4_IO/wireless/src/wireless.o
                0x00013e54                wireless_get_rx_pkt
 .text.wireless_get_ack_pkt
                0x00013e68       0x14 ./L4_IO/wireless/src/wireless.o
                0x00013e68                wireless_get_ack_pkt
 .text.wireless_service
                0x00013e7c       0x4c ./L4_IO/wireless/src/wireless.o
                0x00013e7c                wireless_service
 .text._ZN4GPIOC2E17LPC1758_GPIO_Type
                0x00013ec8       0x4c ./L4_IO/src/gpio.o
                0x00013ec8                GPIO::GPIO(LPC1758_GPIO_Type)
                0x00013ec8                GPIO::GPIO(LPC1758_GPIO_Type)
 .text._ZN4GPIO10setAsInputEv
                0x00013f14       0x12 ./L4_IO/src/gpio.o
                0x00013f14                GPIO::setAsInput()
 .text._ZN4GPIO11setAsOutputEv
                0x00013f26       0x10 ./L4_IO/src/gpio.o
                0x00013f26                GPIO::setAsOutput()
 .text._ZNK4GPIO4readEv
                0x00013f36       0x14 ./L4_IO/src/gpio.o
                0x00013f36                GPIO::read() const
 .text._ZN4GPIO7setHighEv
                0x00013f4a        0xc ./L4_IO/src/gpio.o
                0x00013f4a                GPIO::setHigh()
 .text._ZN4GPIO6setLowEv
                0x00013f56        0xc ./L4_IO/src/gpio.o
                0x00013f56                GPIO::setLow()
 .text._ZN4GPIO6toggleEv
                0x00013f62       0x1e ./L4_IO/src/gpio.o
                0x00013f62                GPIO::toggle()
 .text._ZN4GPIO12enablePullUpEv
                0x00013f80       0x20 ./L4_IO/src/gpio.o
                0x00013f80                GPIO::enablePullUp()
 .text._ZN4GPIO19enableOpenDrainModeEb
                0x00013fa0       0x2c ./L4_IO/src/gpio.o
                0x00013fa0                GPIO::enableOpenDrainMode(bool)
 .text._ZN4GPIOD2Ev
                0x00013fcc       0x1a ./L4_IO/src/gpio.o
                0x00013fcc                GPIO::~GPIO()
                0x00013fcc                GPIO::~GPIO()
 .text._ZN11i2c2_device8writeRegEhh
                0x00013fe6       0x16 ./L4_IO/src/io_source.o
                0x00013fe6                i2c2_device::writeReg(unsigned char, unsigned char)
 .text._ZN11i2c2_device16get16BitRegisterEh
                0x00013ffc       0x28 ./L4_IO/src/io_source.o
                0x00013ffc                i2c2_device::get16BitRegister(unsigned char)
 .text._ZN19Acceleration_Sensor4initEv
                0x00014024       0x20 ./L4_IO/src/io_source.o
                0x00014024                Acceleration_Sensor::init()
 .text._ZN9IR_Sensor11storeIrCodeEm
                0x00014044       0x1c ./L4_IO/src/io_source.o
                0x00014044                IR_Sensor::storeIrCode(unsigned long)
 .text._ZN9IR_Sensor12decodeIrCodeEv
                0x00014060       0x60 ./L4_IO/src/io_source.o
                0x00014060                IR_Sensor::decodeIrCode()
 .text._ZN9IR_Sensor4initEv
                0x000140c0       0x34 ./L4_IO/src/io_source.o
                0x000140c0                IR_Sensor::init()
 .text._ZN11LED_Display12setLeftDigitEc
                0x000140f4       0x18 ./L4_IO/src/io_source.o
                0x000140f4                LED_Display::setLeftDigit(char)
 .text._ZN11LED_Display13setRightDigitEc
                0x0001410c       0x18 ./L4_IO/src/io_source.o
                0x0001410c                LED_Display::setRightDigit(char)
 .text._ZN11LED_Display4initEv
                0x00014124       0x38 ./L4_IO/src/io_source.o
                0x00014124                LED_Display::init()
 .text._ZN11LED_Display9setNumberEc
                0x0001415c       0x3c ./L4_IO/src/io_source.o
                0x0001415c                LED_Display::setNumber(char)
 .text._ZN3LED4initEv
                0x00014198        0x4 ./L4_IO/src/io_source.o
                0x00014198                LED::init()
 .text._ZN3LED6setAllEh
                0x0001419c       0x5c ./L4_IO/src/io_source.o
                0x0001419c                LED::setAll(unsigned char)
 .text._ZN12Light_Sensor4initEv
                0x000141f8        0x4 ./L4_IO/src/io_source.o
                0x000141f8                Light_Sensor::init()
 .text._ZN12Light_Sensor11getRawValueEv
                0x000141fc        0x6 ./L4_IO/src/io_source.o
                0x000141fc                Light_Sensor::getRawValue()
 .text._ZN8Switches4initEv
                0x00014202        0x4 ./L4_IO/src/io_source.o
                0x00014202                Switches::init()
 *fill*         0x00014206        0x2 
 .text._ZN8Switches15getSwitchValuesEv
                0x00014208       0x18 ./L4_IO/src/io_source.o
                0x00014208                Switches::getSwitchValues()
 .text._ZN8I2C_Temp4initEv
                0x00014220       0x22 ./L4_IO/src/io_source.o
                0x00014220                I2C_Temp::init()
 .text._ZN8I2C_Temp10getCelsiusEv
                0x00014242       0x32 ./L4_IO/src/io_source.o
                0x00014242                I2C_Temp::getCelsius()
 .text._ZN8I2C_Temp12getFarenheitEv
                0x00014274       0x24 ./L4_IO/src/io_source.o
                0x00014274                I2C_Temp::getFarenheit()
 .text._ZN7Storage4copyEPKcS1_PjS2_S2_
                0x00014298       0xfa ./L4_IO/src/storage.o
                0x00014298                Storage::copy(char const*, char const*, unsigned int*, unsigned int*, unsigned int*)
 .text._ZN7Storage4readEPKcPvjj
                0x00014392       0x46 ./L4_IO/src/storage.o
                0x00014392                Storage::read(char const*, void*, unsigned int, unsigned int)
 .text._ZN7Storage5writeEPKcPvjj
                0x000143d8       0x46 ./L4_IO/src/storage.o
                0x000143d8                Storage::write(char const*, void*, unsigned int, unsigned int)
 .text._ZN7Storage6appendEPKcPKvjj
                0x0001441e       0x4a ./L4_IO/src/storage.o
                0x0001441e                Storage::append(char const*, void const*, unsigned int, unsigned int)
 .text.ff_convert
                0x00014468       0x38 ./L4_IO/fat/option/ccsbcs.o
                0x00014468                ff_convert
 .text.ff_wtoupper
                0x000144a0       0x24 ./L4_IO/fat/option/ccsbcs.o
                0x000144a0                ff_wtoupper
 .text.ff_cre_syncobj
                0x000144c4       0x14 ./L4_IO/fat/option/reentrant.o
                0x000144c4                ff_cre_syncobj
 .text.ff_del_syncobj
                0x000144d8        0x4 ./L4_IO/fat/option/reentrant.o
                0x000144d8                ff_del_syncobj
 .text.ff_req_grant
                0x000144dc       0x26 ./L4_IO/fat/option/reentrant.o
                0x000144dc                ff_req_grant
 .text.ff_rel_grant
                0x00014502       0x1e ./L4_IO/fat/option/reentrant.o
                0x00014502                ff_rel_grant
 .text.disk_initialize
                0x00014520       0x26 ./L4_IO/fat/disk/diskio.o
                0x00014520                disk_initialize
 .text.disk_status
                0x00014546       0x10 ./L4_IO/fat/disk/diskio.o
                0x00014546                disk_status
 .text.disk_read
                0x00014556       0x38 ./L4_IO/fat/disk/diskio.o
                0x00014556                disk_read
 .text.disk_write
                0x0001458e       0x38 ./L4_IO/fat/disk/diskio.o
                0x0001458e                disk_write
 .text.disk_ioctl
                0x000145c6       0x32 ./L4_IO/fat/disk/diskio.o
                0x000145c6                disk_ioctl
 .text.sys_get_uptime_ms
                0x000145f8       0x12 ./L4_IO/fat/disk/sd.o
 *fill*         0x0001460a        0x2 
 .text.ssp_set_max_clock.constprop.2
                0x0001460c       0x30 ./L4_IO/fat/disk/sd.o
 .text.ssp1_exchange_byte
                0x0001463c       0x18 ./L4_IO/fat/disk/sd.o
 .text.wait_ready
                0x00014654       0x2e ./L4_IO/fat/disk/sd.o
                0x00014654                wait_ready
 *fill*         0x00014682        0x2 
 .text.power_off
                0x00014684       0x24 ./L4_IO/fat/disk/sd.o
                0x00014684                power_off
 .text.rcvr_datablock
                0x000146a8       0x84 ./L4_IO/fat/disk/sd.o
                0x000146a8                rcvr_datablock
 .text.xmit_datablock
                0x0001472c       0x4c ./L4_IO/fat/disk/sd.o
                0x0001472c                xmit_datablock
 .text.send_cmd
                0x00014778       0x8c ./L4_IO/fat/disk/sd.o
                0x00014778                send_cmd
 .text.sd_update_card_status
                0x00014804       0x24 ./L4_IO/fat/disk/sd.o
                0x00014804                sd_update_card_status
 .text.sd_initialize
                0x00014828      0x15c ./L4_IO/fat/disk/sd.o
                0x00014828                sd_initialize
 .text.sd_status
                0x00014984       0x10 ./L4_IO/fat/disk/sd.o
                0x00014984                sd_status
 .text.sd_read  0x00014994       0x9c ./L4_IO/fat/disk/sd.o
                0x00014994                sd_read
 .text.sd_write
                0x00014a30       0xb4 ./L4_IO/fat/disk/sd.o
                0x00014a30                sd_write
 .text.sd_ioctl
                0x00014ae4      0x228 ./L4_IO/fat/disk/sd.o
                0x00014ae4                sd_ioctl
 .text._ZL24flash_get_mem_size_bytesv
                0x00014d0c       0x20 ./L4_IO/fat/disk/spi_flash.o
 .text._ZL37flash_perform_page_io_of_fatfs_sectorPFvPhmmES_m
                0x00014d2c       0x74 ./L4_IO/fat/disk/spi_flash.o
 .text.ssp1_exchange_data
                0x00014da0       0xcc ./L4_IO/fat/disk/spi_flash.o
 .text._ZL18flash_send_op_addr14flash_opcode_tm
                0x00014e6c       0x24 ./L4_IO/fat/disk/spi_flash.o
 .text._ZL15flash_read_pagePhmm
                0x00014e90       0x44 ./L4_IO/fat/disk/spi_flash.o
 .text._ZL20flash_wait_for_readyv
                0x00014ed4       0x40 ./L4_IO/fat/disk/spi_flash.o
 .text.flash_initialize
                0x00014f14       0x98 ./L4_IO/fat/disk/spi_flash.o
                0x00014f14                flash_initialize
 .text.flash_read_sectors
                0x00014fac       0x4c ./L4_IO/fat/disk/spi_flash.o
                0x00014fac                flash_read_sectors
 .text.flash_write_sectors
                0x00014ff8       0x48 ./L4_IO/fat/disk/spi_flash.o
                0x00014ff8                flash_write_sectors
 .text.flash_ioctl
                0x00015040       0x38 ./L4_IO/fat/disk/spi_flash.o
                0x00015040                flash_ioctl
 .text.flash_write_permanent_id
                0x00015078       0x44 ./L4_IO/fat/disk/spi_flash.o
                0x00015078                flash_write_permanent_id
 .text.flash_read_permanent_id
                0x000150bc       0x28 ./L4_IO/fat/disk/spi_flash.o
                0x000150bc                flash_read_permanent_id
 .text.flash_get_page_count
                0x000150e4       0x20 ./L4_IO/fat/disk/spi_flash.o
                0x000150e4                flash_get_page_count
 .text.flash_get_page_size
                0x00015104        0xc ./L4_IO/fat/disk/spi_flash.o
                0x00015104                flash_get_page_size
 .text.flash_supports_metadata
                0x00015110       0x10 ./L4_IO/fat/disk/spi_flash.o
                0x00015110                flash_supports_metadata
 .text._ZL16flash_write_pagePhmm
                0x00015120       0x8c ./L4_IO/fat/disk/spi_flash.o
 .text.flash_get_page_write_count
                0x000151ac       0x54 ./L4_IO/fat/disk/spi_flash.o
                0x000151ac                flash_get_page_write_count
 .text.flash_chip_erase
                0x00015200       0x28 ./L4_IO/fat/disk/spi_flash.o
                0x00015200                flash_chip_erase
 .text.get_fattime
                0x00015228       0x52 ./L4_IO/fat/fatfs_time.o
                0x00015228                get_fattime
 .text.mem_cpy  0x0001527a       0x38 ./L4_IO/fat/ff.o
 .text.mem_set  0x000152b2        0xe ./L4_IO/fat/ff.o
 .text.sum_sfn  0x000152c0       0x1e ./L4_IO/fat/ff.o
 .text.get_ldnumber
                0x000152de       0x3e ./L4_IO/fat/ff.o
 .text.get_fileinfo
                0x0001531c       0xc0 ./L4_IO/fat/ff.o
 .text.sync_window
                0x000153dc       0x4a ./L4_IO/fat/ff.o
 *fill*         0x00015426        0x2 
 .text.sync_fs  0x00015428       0x78 ./L4_IO/fat/ff.o
 .text.move_window
                0x000154a0       0x34 ./L4_IO/fat/ff.o
 .text.check_fs
                0x000154d4       0x4c ./L4_IO/fat/ff.o
 .text.find_volume
                0x00015520      0x220 ./L4_IO/fat/ff.o
 .text.validate
                0x00015740       0x3a ./L4_IO/fat/ff.o
 .text.unlock_fs
                0x0001577a       0x1a ./L4_IO/fat/ff.o
 .text.clust2sect
                0x00015794       0x16 ./L4_IO/fat/ff.o
                0x00015794                clust2sect
 .text.get_fat  0x000157aa       0xa6 ./L4_IO/fat/ff.o
                0x000157aa                get_fat
 .text.dir_sdi  0x00015850       0x82 ./L4_IO/fat/ff.o
 .text.put_fat  0x000158d2       0xd0 ./L4_IO/fat/ff.o
                0x000158d2                put_fat
 .text.create_chain
                0x000159a2       0xa2 ./L4_IO/fat/ff.o
 .text.dir_next
                0x00015a44       0xee ./L4_IO/fat/ff.o
 *fill*         0x00015b32        0x2 
 .text.dir_find
                0x00015b34      0x12c ./L4_IO/fat/ff.o
 .text.follow_path
                0x00015c60      0x25c ./L4_IO/fat/ff.o
 .text.dir_register
                0x00015ebc      0x208 ./L4_IO/fat/ff.o
 .text.dir_remove
                0x000160c4       0x5a ./L4_IO/fat/ff.o
 *fill*         0x0001611e        0x2 
 .text.dir_read.constprop.11
                0x00016120       0xe0 ./L4_IO/fat/ff.o
 .text.remove_chain
                0x00016200       0x5a ./L4_IO/fat/ff.o
 *fill*         0x0001625a        0x2 
 .text.f_mount  0x0001625c       0x7c ./L4_IO/fat/ff.o
                0x0001625c                f_mount
 .text.f_open   0x000162d8      0x132 ./L4_IO/fat/ff.o
                0x000162d8                f_open
 .text.f_read   0x0001640a      0x17c ./L4_IO/fat/ff.o
                0x0001640a                f_read
 .text.f_write  0x00016586      0x1a8 ./L4_IO/fat/ff.o
                0x00016586                f_write
 .text.f_sync   0x0001672e       0x8c ./L4_IO/fat/ff.o
                0x0001672e                f_sync
 .text.f_close  0x000167ba       0x24 ./L4_IO/fat/ff.o
                0x000167ba                f_close
 .text.f_lseek  0x000167de      0x14c ./L4_IO/fat/ff.o
                0x000167de                f_lseek
 .text.f_opendir
                0x0001692a       0x88 ./L4_IO/fat/ff.o
                0x0001692a                f_opendir
 .text.f_readdir
                0x000169b2       0x5e ./L4_IO/fat/ff.o
                0x000169b2                f_readdir
 .text.f_getfree
                0x00016a10       0xca ./L4_IO/fat/ff.o
                0x00016a10                f_getfree
 .text.f_unlink
                0x00016ada       0xba ./L4_IO/fat/ff.o
                0x00016ada                f_unlink
 .text.f_mkdir  0x00016b94      0x154 ./L4_IO/fat/ff.o
                0x00016b94                f_mkdir
 .text.f_rename
                0x00016ce8      0x120 ./L4_IO/fat/ff.o
                0x00016ce8                f_rename
 .text.f_mkfs   0x00016e08      0x4f0 ./L4_IO/fat/ff.o
                0x00016e08                f_mkfs
 .text.c_list_for_each_elm
                0x000172f8       0x2a ./L3_Utils/src/c_list.o
                0x000172f8                c_list_for_each_elm
 *fill*         0x00017322        0x2 
 .text._ZN16CommandProcessor10addHandlerEPFbR3strR7CharDevPvEPKcS8_S4_
                0x00017324       0x7c ./L3_Utils/src/command_handler.o
                0x00017324                CommandProcessor::addHandler(bool (*)(str&, CharDev&, void*), char const*, char const*, void*)
 .text._ZN16CommandProcessor24getRegisteredCommandListER7CharDev
                0x000173a0       0x9c ./L3_Utils/src/command_handler.o
                0x000173a0                CommandProcessor::getRegisteredCommandList(CharDev&)
 .text._ZN16CommandProcessor11getHelpTextER3strR7CharDev
                0x0001743c       0x70 ./L3_Utils/src/command_handler.o
                0x0001743c                CommandProcessor::getHelpText(str&, CharDev&)
 .text._ZN16CommandProcessor15prepareCmdParamER3strPKc
                0x000174ac       0x3c ./L3_Utils/src/command_handler.o
                0x000174ac                CommandProcessor::prepareCmdParam(str&, char const*)
 .text._ZN16CommandProcessor13handleCommandER3strR7CharDev
                0x000174e8      0x144 ./L3_Utils/src/command_handler.o
                0x000174e8                CommandProcessor::handleCommand(str&, CharDev&)
 .text.logger_get_buffer_ptr
                0x0001762c       0x44 ./L3_Utils/src/file_logger.o
 .text.logger_write_to_file
                0x00017670       0xb0 ./L3_Utils/src/file_logger.o
 .text.logger_task
                0x00017720       0xc0 ./L3_Utils/src/file_logger.o
 .text.logger_write_log_message
                0x000177e0       0x4c ./L3_Utils/src/file_logger.o
 .text.logger_send_flush_request
                0x0001782c       0x34 ./L3_Utils/src/file_logger.o
                0x0001782c                logger_send_flush_request
 .text.logger_get_logged_call_count
                0x00017860       0x14 ./L3_Utils/src/file_logger.o
                0x00017860                logger_get_logged_call_count
 .text.logger_get_blocked_call_count
                0x00017874        0xc ./L3_Utils/src/file_logger.o
                0x00017874                logger_get_blocked_call_count
 .text.logger_get_highest_file_write_time_ms
                0x00017880        0xc ./L3_Utils/src/file_logger.o
                0x00017880                logger_get_highest_file_write_time_ms
 .text.logger_get_num_buffers_watermark
                0x0001788c        0xc ./L3_Utils/src/file_logger.o
                0x0001788c                logger_get_num_buffers_watermark
 .text.logger_init
                0x00017898       0xd8 ./L3_Utils/src/file_logger.o
                0x00017898                logger_init
 .text.logger_set_printf
                0x00017970       0x1c ./L3_Utils/src/file_logger.o
                0x00017970                logger_set_printf
 .text.logger_log
                0x0001798c      0x138 ./L3_Utils/src/file_logger.o
                0x0001798c                logger_log
 .text.logger_log_raw
                0x00017ac4       0x40 ./L3_Utils/src/file_logger.o
                0x00017ac4                logger_log_raw
 .text.u0_dbg_put
                0x00017b04       0x1e ./L3_Utils/src/printf_lib.o
                0x00017b04                u0_dbg_put
 .text.u0_dbg_printf
                0x00017b22       0x3c ./L3_Utils/src/printf_lib.o
                0x00017b22                u0_dbg_printf
 .text.for_each_recur_alarm_callback
                0x00017b5e       0x26 ./L3_Utils/src/rtc_alarm.o
 .text.for_each_alarm_callback
                0x00017b84       0x5c ./L3_Utils/src/rtc_alarm.o
 .text.RTC_IRQHandler
                0x00017be0       0xa4 ./L3_Utils/src/rtc_alarm.o
                0x00017be0                RTC_IRQHandler
 .text._ZL9printlinePKcS0_
                0x00017c84       0xac ./L3_Utils/src/scheduler_task.o
 .text._ZL9dbg_printPKcS0_
                0x00017d30       0x74 ./L3_Utils/src/scheduler_task.o
 .text._Z24scheduler_c_task_privatePv
                0x00017da4      0x118 ./L3_Utils/src/scheduler_task.o
                0x00017da4                scheduler_c_task_private(void*)
 .text._Z18scheduler_init_allb
                0x00017ebc       0xec ./L3_Utils/src/scheduler_task.o
                0x00017ebc                scheduler_init_all(bool)
 .text._Z18scheduler_add_taskP14scheduler_task
                0x00017fa8       0x1c ./L3_Utils/src/scheduler_task.o
                0x00017fa8                scheduler_add_task(scheduler_task*)
 .text._Z15scheduler_startbb
                0x00017fc4       0x44 ./L3_Utils/src/scheduler_task.o
                0x00017fc4                scheduler_start(bool, bool)
 .text._ZN14scheduler_taskC2EPKcmhPv
                0x00018008       0x34 ./L3_Utils/src/scheduler_task.o
                0x00018008                scheduler_task::scheduler_task(char const*, unsigned long, unsigned char, void*)
                0x00018008                scheduler_task::scheduler_task(char const*, unsigned long, unsigned char, void*)
 .text._ZN14scheduler_task15getSharedObjectEh
                0x0001803c       0x18 ./L3_Utils/src/scheduler_task.o
                0x0001803c                scheduler_task::getSharedObject(unsigned char)
 .text._ZN3strC2EPci
                0x00018054       0x2c ./L3_Utils/src/str.o
                0x00018054                str::str(char*, int)
                0x00018054                str::str(char*, int)
 .text._ZN3strD2Ev
                0x00018080       0x24 ./L3_Utils/src/str.o
                0x00018080                str::~str()
                0x00018080                str::~str()
 .text._ZNK3str6getLenEv
                0x000180a4        0x6 ./L3_Utils/src/str.o
                0x000180a4                str::getLen() const
 .text._ZNK3str11getCapacityEv
                0x000180aa        0x4 ./L3_Utils/src/str.o
                0x000180aa                str::getCapacity() const
 .text._ZN3str5clearEv
                0x000180ae        0x8 ./L3_Utils/src/str.o
                0x000180ae                str::clear()
 .text._ZN3str5scanfEPKcz
                0x000180b6       0x1c ./L3_Utils/src/str.o
                0x000180b6                str::scanf(char const*, ...)
 .text._ZN3str8tokenizeEPKciz
                0x000180d2       0x4c ./L3_Utils/src/str.o
                0x000180d2                str::tokenize(char const*, int, ...)
 .text._ZNK3str9compareToEPKc
                0x0001811e       0x14 ./L3_Utils/src/str.o
                0x0001811e                str::compareTo(char const*) const
 .text._ZNK3str19compareToIgnoreCaseEPKc
                0x00018132       0x10 ./L3_Utils/src/str.o
                0x00018132                str::compareToIgnoreCase(char const*) const
 .text._ZNK3str22firstIndexOfIgnoreCaseEPKc
                0x00018142       0x80 ./L3_Utils/src/str.o
                0x00018142                str::firstIndexOfIgnoreCase(char const*) const
 .text._ZNK3str18containsIgnoreCaseEPKc
                0x000181c2        0xe ./L3_Utils/src/str.o
                0x000181c2                str::containsIgnoreCase(char const*) const
 .text._ZNK3str12firstIndexOfEPKc
                0x000181d0       0x16 ./L3_Utils/src/str.o
                0x000181d0                str::firstIndexOf(char const*) const
 .text._ZNK3str10beginsWithEPKc
                0x000181e6       0x2e ./L3_Utils/src/str.o
                0x000181e6                str::beginsWith(char const*) const
 .text._ZNK3str20beginsWithIgnoreCaseEPKc
                0x00018214       0x2e ./L3_Utils/src/str.o
                0x00018214                str::beginsWithIgnoreCase(char const*) const
 .text._ZNK3str29beginsWithWholeWordIgnoreCaseEPKcc
                0x00018242       0x38 ./L3_Utils/src/str.o
                0x00018242                str::beginsWithWholeWordIgnoreCase(char const*, char) const
 .text._ZN3str10eraseFirstEi
                0x0001827a       0x28 ./L3_Utils/src/str.o
                0x0001827a                str::eraseFirst(int)
 .text._ZN3str9eraseLastEi
                0x000182a2       0x20 ./L3_Utils/src/str.o
                0x000182a2                str::eraseLast(int)
 .text._ZN3str10eraseAfterEii
                0x000182c2       0x38 ./L3_Utils/src/str.o
                0x000182c2                str::eraseAfter(int, int)
 .text._ZN3str5eraseEPKc
                0x000182fa       0x28 ./L3_Utils/src/str.o
                0x000182fa                str::erase(char const*)
 .text._ZN3str15eraseFirstWordsEic
                0x00018322       0x2a ./L3_Utils/src/str.o
                0x00018322                str::eraseFirstWords(int, char)
 .text._ZN3str9trimStartEPKc
                0x0001834c       0x40 ./L3_Utils/src/str.o
                0x0001834c                str::trimStart(char const*)
 .text._ZN3str7trimEndEPKc
                0x0001838c       0x3a ./L3_Utils/src/str.o
                0x0001838c                str::trimEnd(char const*)
 .text._ZNK3streqEPKc
                0x000183c6        0x4 ./L3_Utils/src/str.o
                0x000183c6                str::operator==(char const*) const
 .text._ZNK3strclEv
                0x000183ca        0x4 ./L3_Utils/src/str.o
                0x000183ca                str::operator()() const
 .text._ZNK3strcviEv
                0x000183ce        0x6 ./L3_Utils/src/str.o
                0x000183ce                str::operator int() const
 .text._ZN3strixEi
                0x000183d4       0x14 ./L3_Utils/src/str.o
                0x000183d4                str::operator[](int)
 .text._ZN3str13reAllocateMemEi
                0x000183e8       0x4c ./L3_Utils/src/str.o
                0x000183e8                str::reAllocateMem(int)
 .text._ZN3str4initEi
                0x00018434       0x10 ./L3_Utils/src/str.o
                0x00018434                str::init(int)
 .text._ZN3strC2Ei
                0x00018444        0xc ./L3_Utils/src/str.o
                0x00018444                str::str(int)
                0x00018444                str::str(int)
 .text._ZN3str7reserveEi
                0x00018450        0xe ./L3_Utils/src/str.o
                0x00018450                str::reserve(int)
 .text._ZN3str6printfEPKcz
                0x0001845e       0x42 ./L3_Utils/src/str.o
                0x0001845e                str::printf(char const*, ...)
 .text._ZN3str26ensureMemoryToInsertNCharsEi
                0x000184a0       0x22 ./L3_Utils/src/str.o
                0x000184a0                str::ensureMemoryToInsertNChars(int)
 .text._ZN3str11insertAtEndEPKc
                0x000184c2       0x22 ./L3_Utils/src/str.o
                0x000184c2                str::insertAtEnd(char const*)
 .text._ZN3strpLEc
                0x000184e4       0x1a ./L3_Utils/src/str.o
                0x000184e4                str::operator+=(char)
 .text._ZN3str8copyFromEPKc
                0x000184fe       0x3c ./L3_Utils/src/str.o
                0x000184fe                str::copyFrom(char const*)
 .text._ZN3straSEPKc
                0x0001853a        0x4 ./L3_Utils/src/str.o
                0x0001853a                str::operator=(char const*)
 .text.delay_us
                0x0001853e       0x1c ./L3_Utils/src/utilities.o
                0x0001853e                delay_us
 .text.is_freertos_running
                0x0001855a        0xe ./L3_Utils/src/utilities.o
                0x0001855a                is_freertos_running
 .text.delay_ms
                0x00018568       0x22 ./L3_Utils/src/utilities.o
                0x00018568                delay_ms
 *fill*         0x0001858a        0x2 
 .text.adc0_start_conversion
                0x0001858c       0x24 ./L2_Drivers/src/adc.o
 .text.ADC_IRQHandler
                0x000185b0       0x3c ./L2_Drivers/src/adc.o
                0x000185b0                ADC_IRQHandler
 .text.adc0_init
                0x000185ec       0x74 ./L2_Drivers/src/adc.o
                0x000185ec                adc0_init
 .text.adc0_get_reading
                0x00018660       0x78 ./L2_Drivers/src/adc.o
                0x00018660                adc0_get_reading
 .text.CAN_tx_now
                0x000186d8       0x32 ./L2_Drivers/src/can.o
 *fill*         0x0001870a        0x2 
 .text.CAN_handle_isr
                0x0001870c       0xa4 ./L2_Drivers/src/can.o
 .text.CAN_IRQHandler
                0x000187b0       0x28 ./L2_Drivers/src/can.o
                0x000187b0                CAN_IRQHandler
 .text.handle_eint_list
                0x000187d8       0x2c ./L2_Drivers/src/eint.o
 .text.eint3_enable.isra.0
                0x00018804       0x38 ./L2_Drivers/src/eint.o
 .text.EINT3_IRQHandler
                0x0001883c       0x80 ./L2_Drivers/src/eint.o
                0x0001883c                EINT3_IRQHandler
 .text.eint3_enable_port0
                0x000188bc       0x30 ./L2_Drivers/src/eint.o
                0x000188bc                eint3_enable_port0
 .text.eint3_enable_port2
                0x000188ec       0x30 ./L2_Drivers/src/eint.o
                0x000188ec                eint3_enable_port2
 .text._ZN4I2C24initEj
                0x0001891c       0x6c ./L2_Drivers/src/i2c2.o
                0x0001891c                I2C2::init(unsigned int)
 .text._ZN4I2C2C2Ev
                0x00018988       0x14 ./L2_Drivers/src/i2c2.o
                0x00018988                I2C2::I2C2()
                0x00018988                I2C2::I2C2()
 .text.I2C2_IRQHandler
                0x0001899c       0x24 ./L2_Drivers/src/i2c2.o
                0x0001899c                I2C2_IRQHandler
 .text.RIT_IRQHandler
                0x000189c0       0x1c ./L2_Drivers/src/lpc_rit.o
                0x000189c0                RIT_IRQHandler
 .text.lpc_timer_get_struct
                0x000189dc       0x20 ./L2_Drivers/src/lpc_timers.o
 .text.lpc_timer_enable
                0x000189fc       0x50 ./L2_Drivers/src/lpc_timers.o
                0x000189fc                lpc_timer_enable
 .text._ZN12NordicStream5flushEv
                0x00018a4c       0x62 ./L2_Drivers/src/nrf_stream.o
                0x00018a4c                NordicStream::flush()
 *fill*         0x00018aae        0x2 
 .text._ZN12NordicStreamD2Ev
                0x00018ab0       0x14 ./L2_Drivers/src/nrf_stream.o
                0x00018ab0                NordicStream::~NordicStream()
                0x00018ab0                NordicStream::~NordicStream()
 .text._ZN12NordicStreamD0Ev
                0x00018ac4       0x12 ./L2_Drivers/src/nrf_stream.o
                0x00018ac4                NordicStream::~NordicStream()
 .text._ZN12NordicStream7putCharEcj
                0x00018ad6       0x22 ./L2_Drivers/src/nrf_stream.o
                0x00018ad6                NordicStream::putChar(char, unsigned int)
 .text._ZN12NordicStream7getCharEPcj
                0x00018af8       0x40 ./L2_Drivers/src/nrf_stream.o
                0x00018af8                NordicStream::getChar(char*, unsigned int)
 .text._ZN12NordicStreamC2Ev
                0x00018b38       0x40 ./L2_Drivers/src/nrf_stream.o
                0x00018b38                NordicStream::NordicStream()
                0x00018b38                NordicStream::NordicStream()
 .text.rtc_gettime
                0x00018b78       0x50 ./L2_Drivers/src/rtc.o
                0x00018b78                rtc_gettime
 .text.rtc_settime
                0x00018bc8       0x68 ./L2_Drivers/src/rtc.o
                0x00018bc8                rtc_settime
 .text.rtc_init
                0x00018c30       0xd0 ./L2_Drivers/src/rtc.o
                0x00018c30                rtc_init
 .text.rtc_get_date_time_str
                0x00018d00       0x14 ./L2_Drivers/src/rtc.o
                0x00018d00                rtc_get_date_time_str
 .text.ssp1_dma_init
                0x00018d14       0x1c ./L2_Drivers/src/spi_dma.o
                0x00018d14                ssp1_dma_init
 .text.ssp1_dma_transfer_block
                0x00018d30       0xc4 ./L2_Drivers/src/spi_dma.o
                0x00018d30                ssp1_dma_transfer_block
 .text.spi1_lock
                0x00018df4       0x30 ./L2_Drivers/src/spi_sem.o
                0x00018df4                spi1_lock
 .text.spi1_unlock
                0x00018e24       0x24 ./L2_Drivers/src/spi_sem.o
                0x00018e24                spi1_unlock
 .text._ZN5Uart0D2Ev
                0x00018e48       0x14 ./L2_Drivers/src/uart0.o
                0x00018e48                Uart0::~Uart0()
                0x00018e48                Uart0::~Uart0()
 .text._ZN5Uart0D0Ev
                0x00018e5c       0x12 ./L2_Drivers/src/uart0.o
                0x00018e5c                Uart0::~Uart0()
 *fill*         0x00018e6e        0x2 
 .text._ZN5Uart04initEjii
                0x00018e70       0x40 ./L2_Drivers/src/uart0.o
                0x00018e70                Uart0::init(unsigned int, int, int)
 .text._ZN5Uart0C2Ev
                0x00018eb0       0x1c ./L2_Drivers/src/uart0.o
                0x00018eb0                Uart0::Uart0()
                0x00018eb0                Uart0::Uart0()
 .text.UART0_IRQHandler
                0x00018ecc       0x24 ./L2_Drivers/src/uart0.o
                0x00018ecc                UART0_IRQHandler
 .text._ZN5Uart2D2Ev
                0x00018ef0       0x14 ./L2_Drivers/src/uart2.o
                0x00018ef0                Uart2::~Uart2()
                0x00018ef0                Uart2::~Uart2()
 .text._ZN5Uart2D0Ev
                0x00018f04       0x12 ./L2_Drivers/src/uart2.o
                0x00018f04                Uart2::~Uart2()
 *fill*         0x00018f16        0x2 
 .text._ZN5Uart2C2Ev
                0x00018f18       0x1c ./L2_Drivers/src/uart2.o
                0x00018f18                Uart2::Uart2()
                0x00018f18                Uart2::Uart2()
 .text.UART2_IRQHandler
                0x00018f34       0x24 ./L2_Drivers/src/uart2.o
                0x00018f34                UART2_IRQHandler
 .text._ZN5Uart3D2Ev
                0x00018f58       0x14 ./L2_Drivers/src/uart3.o
                0x00018f58                Uart3::~Uart3()
                0x00018f58                Uart3::~Uart3()
 .text._ZN5Uart3D0Ev
                0x00018f6c       0x12 ./L2_Drivers/src/uart3.o
                0x00018f6c                Uart3::~Uart3()
 *fill*         0x00018f7e        0x2 
 .text._ZN5Uart3C2Ev
                0x00018f80       0x1c ./L2_Drivers/src/uart3.o
                0x00018f80                Uart3::Uart3()
                0x00018f80                Uart3::Uart3()
 .text.UART3_IRQHandler
                0x00018f9c       0x24 ./L2_Drivers/src/uart3.o
                0x00018f9c                UART3_IRQHandler
 .text._ZN7CharDev5flushEv
                0x00018fc0        0x4 ./L2_Drivers/base/char_dev.o
                0x00018fc0                CharDev::flush()
 .text._ZN7CharDev3putEPKcj
                0x00018fc4       0x26 ./L2_Drivers/base/char_dev.o
                0x00018fc4                CharDev::put(char const*, unsigned int)
 *fill*         0x00018fea        0x2 
 .text._ZN7CharDev7putlineEPKcj
                0x00018fec       0x1c ./L2_Drivers/base/char_dev.o
                0x00018fec                CharDev::putline(char const*, unsigned int)
 .text._ZN7CharDev4getsEPcij
                0x00019008       0x50 ./L2_Drivers/base/char_dev.o
                0x00019008                CharDev::gets(char*, int, unsigned int)
 .text._ZN7CharDev6printfEPKcz
                0x00019058       0x78 ./L2_Drivers/base/char_dev.o
                0x00019058                CharDev::printf(char const*, ...)
 .text._ZN7CharDevC2Ev
                0x000190d0       0x20 ./L2_Drivers/base/char_dev.o
                0x000190d0                CharDev::CharDev()
                0x000190d0                CharDev::CharDev()
 .text._ZN7CharDevD2Ev
                0x000190f0       0x18 ./L2_Drivers/base/char_dev.o
                0x000190f0                CharDev::~CharDev()
                0x000190f0                CharDev::~CharDev()
 .text._ZN8I2C_Base8transferEhhPhm
                0x00019108       0xda ./L2_Drivers/base/i2c_base.o
                0x00019108                I2C_Base::transfer(unsigned char, unsigned char, unsigned char*, unsigned long)
 .text._ZN8I2C_Base13readRegistersEhhPhm
                0x000191e2        0x8 ./L2_Drivers/base/i2c_base.o
                0x000191e2                I2C_Base::readRegisters(unsigned char, unsigned char, unsigned char*, unsigned long)
 .text._ZN8I2C_Base7readRegEhh
                0x000191ea       0x1a ./L2_Drivers/base/i2c_base.o
                0x000191ea                I2C_Base::readReg(unsigned char, unsigned char)
 .text._ZN8I2C_Base14writeRegistersEhhPhm
                0x00019204        0x8 ./L2_Drivers/base/i2c_base.o
                0x00019204                I2C_Base::writeRegisters(unsigned char, unsigned char, unsigned char*, unsigned long)
 .text._ZN8I2C_Base8writeRegEhhh
                0x0001920c       0x16 ./L2_Drivers/base/i2c_base.o
                0x0001920c                I2C_Base::writeReg(unsigned char, unsigned char, unsigned char)
 .text._ZN8I2C_Base19checkDeviceResponseEh
                0x00019222       0x16 ./L2_Drivers/base/i2c_base.o
                0x00019222                I2C_Base::checkDeviceResponse(unsigned char)
 .text._ZN8I2C_BaseC2EP15LPC_I2C_TypeDef
                0x00019238       0x5c ./L2_Drivers/base/i2c_base.o
                0x00019238                I2C_Base::I2C_Base(LPC_I2C_TypeDef*)
                0x00019238                I2C_Base::I2C_Base(LPC_I2C_TypeDef*)
 .text._ZN8I2C_Base4initEmm
                0x00019294       0x8c ./L2_Drivers/base/i2c_base.o
                0x00019294                I2C_Base::init(unsigned long, unsigned long)
 .text._ZN8I2C_Base15i2cStateMachineEv
                0x00019320      0x122 ./L2_Drivers/base/i2c_base.o
                0x00019320                I2C_Base::i2cStateMachine()
 *fill*         0x00019442        0x2 
 .text._ZN8I2C_Base15handleInterruptEv
                0x00019444       0x30 ./L2_Drivers/base/i2c_base.o
                0x00019444                I2C_Base::handleInterrupt()
 .text._ZN7UartDevD2Ev
                0x00019474       0x14 ./L2_Drivers/base/uart_dev.o
                0x00019474                UartDev::~UartDev()
                0x00019474                UartDev::~UartDev()
 .text._ZN7UartDevD0Ev
                0x00019488       0x12 ./L2_Drivers/base/uart_dev.o
                0x00019488                UartDev::~UartDev()
 .text._ZN7UartDev7putCharEcj
                0x0001949a       0x5a ./L2_Drivers/base/uart_dev.o
                0x0001949a                UartDev::putChar(char, unsigned int)
 .text._ZN7UartDev5flushEv
                0x000194f4       0x20 ./L2_Drivers/base/uart_dev.o
                0x000194f4                UartDev::flush()
 .text._ZN7UartDev7getCharEPcj
                0x00019514       0x6c ./L2_Drivers/base/uart_dev.o
                0x00019514                UartDev::getChar(char*, unsigned int)
 .text._ZN7UartDev11setBaudRateEj
                0x00019580       0x3c ./L2_Drivers/base/uart_dev.o
                0x00019580                UartDev::setBaudRate(unsigned int)
 .text._ZN7UartDev15handleInterruptEv
                0x000195bc       0xb4 ./L2_Drivers/base/uart_dev.o
                0x000195bc                UartDev::handleInterrupt()
 .text._ZN7UartDevC2EPj
                0x00019670       0x28 ./L2_Drivers/base/uart_dev.o
                0x00019670                UartDev::UartDev(unsigned int*)
                0x00019670                UartDev::UartDev(unsigned int*)
 .text._ZN7UartDev4initEjjii
                0x00019698       0xb0 ./L2_Drivers/base/uart_dev.o
                0x00019698                UartDev::init(unsigned int, unsigned int, int, int)
 .text.vListInitialise
                0x00019748       0x16 ./L1_FreeRTOS/src/list.o
                0x00019748                vListInitialise
 .text.vListInitialiseItem
                0x0001975e        0x6 ./L1_FreeRTOS/src/list.o
                0x0001975e                vListInitialiseItem
 .text.vListInsertEnd
                0x00019764       0x18 ./L1_FreeRTOS/src/list.o
                0x00019764                vListInsertEnd
 .text.vListInsert
                0x0001977c       0x30 ./L1_FreeRTOS/src/list.o
                0x0001977c                vListInsert
 .text.uxListRemove
                0x000197ac       0x20 ./L1_FreeRTOS/src/list.o
                0x000197ac                uxListRemove
 .text.prvCopyDataToQueue
                0x000197cc       0x6a ./L1_FreeRTOS/src/queue.o
 .text.prvNotifyQueueSetContainer
                0x00019836       0x36 ./L1_FreeRTOS/src/queue.o
 .text.prvCopyDataFromQueue
                0x0001986c       0x28 ./L1_FreeRTOS/src/queue.o
 .text.prvUnlockQueue
                0x00019894       0x78 ./L1_FreeRTOS/src/queue.o
 .text.pvPortMalloc
                0x0001990c       0x1e ./L1_FreeRTOS/src/queue.o
                0x0001990c                pvPortMalloc
 .text.vPortFree
                0x0001992a       0x1a ./L1_FreeRTOS/src/queue.o
                0x0001992a                vPortFree
 .text.xQueueGenericReset
                0x00019944       0x5a ./L1_FreeRTOS/src/queue.o
                0x00019944                xQueueGenericReset
 .text.xQueueGenericCreate
                0x0001999e       0x50 ./L1_FreeRTOS/src/queue.o
                0x0001999e                xQueueGenericCreate
 .text.xQueueCreateCountingSemaphore
                0x000199ee       0x12 ./L1_FreeRTOS/src/queue.o
                0x000199ee                xQueueCreateCountingSemaphore
 .text.xQueueGenericSend
                0x00019a00       0xe6 ./L1_FreeRTOS/src/queue.o
                0x00019a00                xQueueGenericSend
 .text.xQueueCreateMutex
                0x00019ae6       0x4c ./L1_FreeRTOS/src/queue.o
                0x00019ae6                xQueueCreateMutex
 .text.xQueueGenericSendFromISR
                0x00019b32       0x76 ./L1_FreeRTOS/src/queue.o
                0x00019b32                xQueueGenericSendFromISR
 .text.xQueueGenericReceive
                0x00019ba8      0x102 ./L1_FreeRTOS/src/queue.o
                0x00019ba8                xQueueGenericReceive
 .text.xQueueReceiveFromISR
                0x00019caa       0x52 ./L1_FreeRTOS/src/queue.o
                0x00019caa                xQueueReceiveFromISR
 .text.uxQueueMessagesWaiting
                0x00019cfc       0x12 ./L1_FreeRTOS/src/queue.o
                0x00019cfc                uxQueueMessagesWaiting
 .text.uxQueueMessagesWaitingFromISR
                0x00019d0e        0x4 ./L1_FreeRTOS/src/queue.o
                0x00019d0e                uxQueueMessagesWaitingFromISR
 .text.xQueueSelectFromSet
                0x00019d12       0x18 ./L1_FreeRTOS/src/queue.o
                0x00019d12                xQueueSelectFromSet
 .text.prvResetRunTimeStatsInList
                0x00019d2a       0x2e ./L1_FreeRTOS/src/tasks.o
 .text.prvIdleTask
                0x00019d58       0x18 ./L1_FreeRTOS/src/tasks.o
 .text.prvListTaskWithinSingleList
                0x00019d70       0x9e ./L1_FreeRTOS/src/tasks.o
 *fill*         0x00019e0e        0x2 
 .text.prvResetNextTaskUnblockTime
                0x00019e10       0x24 ./L1_FreeRTOS/src/tasks.o
 .text.prvAddCurrentTaskToDelayedList
                0x00019e34       0x50 ./L1_FreeRTOS/src/tasks.o
 .text.xTaskGenericCreate
                0x00019e84      0x1a0 ./L1_FreeRTOS/src/tasks.o
                0x00019e84                xTaskGenericCreate
 .text.vTaskStartScheduler
                0x0001a024       0x54 ./L1_FreeRTOS/src/tasks.o
                0x0001a024                vTaskStartScheduler
 .text.vTaskEndScheduler
                0x0001a078       0x18 ./L1_FreeRTOS/src/tasks.o
                0x0001a078                vTaskEndScheduler
 .text.vTaskSuspendAll
                0x0001a090       0x10 ./L1_FreeRTOS/src/tasks.o
                0x0001a090                vTaskSuspendAll
 .text.xTaskGetTickCount
                0x0001a0a0       0x18 ./L1_FreeRTOS/src/tasks.o
                0x0001a0a0                xTaskGetTickCount
 .text.xTaskGetTickCountFromISR
                0x0001a0b8       0x18 ./L1_FreeRTOS/src/tasks.o
                0x0001a0b8                xTaskGetTickCountFromISR
 .text.uxTaskGetNumberOfTasks
                0x0001a0d0        0xc ./L1_FreeRTOS/src/tasks.o
                0x0001a0d0                uxTaskGetNumberOfTasks
 .text.xTaskIncrementTick
                0x0001a0dc       0xfc ./L1_FreeRTOS/src/tasks.o
                0x0001a0dc                xTaskIncrementTick
 .text.xTaskResumeAll
                0x0001a1d8       0xc0 ./L1_FreeRTOS/src/tasks.o
                0x0001a1d8                xTaskResumeAll
 .text.vTaskDelayUntil
                0x0001a298       0x74 ./L1_FreeRTOS/src/tasks.o
                0x0001a298                vTaskDelayUntil
 .text.vTaskDelay
                0x0001a30c       0x54 ./L1_FreeRTOS/src/tasks.o
                0x0001a30c                vTaskDelay
 .text.uxTaskGetSystemState
                0x0001a360       0x88 ./L1_FreeRTOS/src/tasks.o
                0x0001a360                uxTaskGetSystemState
 .text.vTaskSwitchContext
                0x0001a3e8       0xcc ./L1_FreeRTOS/src/tasks.o
                0x0001a3e8                vTaskSwitchContext
 .text.vTaskSuspend
                0x0001a4b4       0xa4 ./L1_FreeRTOS/src/tasks.o
                0x0001a4b4                vTaskSuspend
 .text.vTaskPlaceOnEventList
                0x0001a558       0x5c ./L1_FreeRTOS/src/tasks.o
                0x0001a558                vTaskPlaceOnEventList
 .text.xTaskRemoveFromEventList
                0x0001a5b4       0x6c ./L1_FreeRTOS/src/tasks.o
                0x0001a5b4                xTaskRemoveFromEventList
 .text.vTaskSetTimeOutState
                0x0001a620       0x18 ./L1_FreeRTOS/src/tasks.o
                0x0001a620                vTaskSetTimeOutState
 .text.xTaskCheckForTimeOut
                0x0001a638       0x4c ./L1_FreeRTOS/src/tasks.o
                0x0001a638                xTaskCheckForTimeOut
 .text.vTaskMissedYield
                0x0001a684        0xc ./L1_FreeRTOS/src/tasks.o
                0x0001a684                vTaskMissedYield
 .text.uxTaskGetStackHighWaterMark
                0x0001a690       0x20 ./L1_FreeRTOS/src/tasks.o
                0x0001a690                uxTaskGetStackHighWaterMark
 .text.xTaskGetSchedulerState
                0x0001a6b0       0x20 ./L1_FreeRTOS/src/tasks.o
                0x0001a6b0                xTaskGetSchedulerState
 .text.vTaskPriorityInherit
                0x0001a6d0       0x94 ./L1_FreeRTOS/src/tasks.o
                0x0001a6d0                vTaskPriorityInherit
 .text.xTaskPriorityDisinherit
                0x0001a764       0x70 ./L1_FreeRTOS/src/tasks.o
                0x0001a764                xTaskPriorityDisinherit
 .text.pvTaskIncrementMutexHeldCount
                0x0001a7d4       0x18 ./L1_FreeRTOS/src/tasks.o
                0x0001a7d4                pvTaskIncrementMutexHeldCount
 .text.vTaskResetRunTimeStats
                0x0001a7ec       0x70 ./L1_FreeRTOS/src/tasks.o
                0x0001a7ec                vTaskResetRunTimeStats
 .text.vRunTimeStatIsrEntry
                0x0001a85c       0x28 ./L1_FreeRTOS/src/tasks.o
                0x0001a85c                vRunTimeStatIsrEntry
 .text.vRunTimeStatIsrExit
                0x0001a884       0x10 ./L1_FreeRTOS/src/tasks.o
                0x0001a884                vRunTimeStatIsrExit
 .text.prvPortStartFirstTask
                0x0001a894       0x20 ./L1_FreeRTOS/portable/no_mpu/port.o
 .text.pxPortInitialiseStack
                0x0001a8b4       0x1c ./L1_FreeRTOS/portable/no_mpu/port.o
                0x0001a8b4                pxPortInitialiseStack
 .text.vPortSVCHandler
                0x0001a8d0       0x24 ./L1_FreeRTOS/portable/no_mpu/port.o
                0x0001a8d0                vPortSVCHandler
 .text.vPortEndScheduler
                0x0001a8f4        0x2 ./L1_FreeRTOS/portable/no_mpu/port.o
                0x0001a8f4                vPortEndScheduler
 *fill*         0x0001a8f6        0x2 
 .text.vPortYield
                0x0001a8f8       0x18 ./L1_FreeRTOS/portable/no_mpu/port.o
                0x0001a8f8                vPortYield
 .text.ulPortSetInterruptMask
                0x0001a910       0x10 ./L1_FreeRTOS/portable/no_mpu/port.o
                0x0001a910                ulPortSetInterruptMask
 .text.prvTaskExitError
                0x0001a920        0x8 ./L1_FreeRTOS/portable/no_mpu/port.o
 .text.vPortEnterCritical
                0x0001a928       0x1c ./L1_FreeRTOS/portable/no_mpu/port.o
                0x0001a928                vPortEnterCritical
 .text.vPortClearInterruptMask
                0x0001a944        0x6 ./L1_FreeRTOS/portable/no_mpu/port.o
                0x0001a944                vPortClearInterruptMask
 *fill*         0x0001a94a        0x2 
 .text.vPortExitCritical
                0x0001a94c       0x14 ./L1_FreeRTOS/portable/no_mpu/port.o
                0x0001a94c                vPortExitCritical
 .text.xPortPendSVHandler
                0x0001a960       0x44 ./L1_FreeRTOS/portable/no_mpu/port.o
                0x0001a960                xPortPendSVHandler
 .text.xPortSysTickHandler
                0x0001a9a4       0x24 ./L1_FreeRTOS/portable/no_mpu/port.o
                0x0001a9a4                xPortSysTickHandler
 .text.vPortSetupTimerInterrupt
                0x0001a9c8       0x14 ./L1_FreeRTOS/portable/no_mpu/port.o
                0x0001a9c8                vPortSetupTimerInterrupt
 .text.xPortStartScheduler
                0x0001a9dc       0x30 ./L1_FreeRTOS/portable/no_mpu/port.o
                0x0001a9dc                xPortStartScheduler
 .text.vConfigureTimerForRunTimeStats
                0x0001aa0c       0x14 ./L1_FreeRTOS/portable/run_time_stats.o
                0x0001aa0c                vConfigureTimerForRunTimeStats
 .text.uxGetTimerForRunTimeStats
                0x0001aa20       0x14 ./L1_FreeRTOS/portable/run_time_stats.o
                0x0001aa20                uxGetTimerForRunTimeStats
 .text.resetRunTimeCounter
                0x0001aa34       0x14 ./L1_FreeRTOS/portable/run_time_stats.o
                0x0001aa34                resetRunTimeCounter
 .text.vApplicationIdleHook
                0x0001aa48        0x4 ./L1_FreeRTOS/hooks/hooks.o
                0x0001aa48                vApplicationIdleHook
 .text.vApplicationStackOverflowHook
                0x0001aa4c       0x38 ./L1_FreeRTOS/hooks/hooks.o
                0x0001aa4c                vApplicationStackOverflowHook
 .text.vApplicationMallocFailedHook
                0x0001aa84       0x24 ./L1_FreeRTOS/hooks/hooks.o
                0x0001aa84                vApplicationMallocFailedHook
 .text.__set_PSP
                0x0001aaa8        0x6 ./L0_LowLevel/source/core_cm3.o
                0x0001aaa8                __set_PSP
 .text.__set_MSP
                0x0001aaae        0x6 ./L0_LowLevel/source/core_cm3.o
                0x0001aaae                __set_MSP
 .text.__set_BASEPRI
                0x0001aab4        0x6 ./L0_LowLevel/source/core_cm3.o
                0x0001aab4                __set_BASEPRI
 *fill*         0x0001aaba        0x2 
 .text.sys_get_boot_type
                0x0001aabc        0xc ./L0_LowLevel/source/low_level_init.o
                0x0001aabc                sys_get_boot_type
 .text.sys_get_boot_time
                0x0001aac8       0x14 ./L0_LowLevel/source/low_level_init.o
                0x0001aac8                sys_get_boot_time
 .text._Z14low_level_initv
                0x0001aadc      0x238 ./L0_LowLevel/source/low_level_init.o
                0x0001aadc                low_level_init()
 .text.lpc_pconp
                0x0001ad14       0x30 ./L0_LowLevel/source/lpc_peripherals.o
                0x0001ad14                lpc_pconp
 .text.lpc_pclk
                0x0001ad44       0x4c ./L0_LowLevel/source/lpc_peripherals.o
                0x0001ad44                lpc_pclk
 .text.lpc_sys_setup_system_timer
                0x0001ad90       0x54 ./L0_LowLevel/source/lpc_sys.o
                0x0001ad90                lpc_sys_setup_system_timer
 .text.sys_get_uptime_us
                0x0001ade4       0x28 ./L0_LowLevel/source/lpc_sys.o
                0x0001ade4                sys_get_uptime_us
 .text.sys_get_mem_info_str
                0x0001ae0c       0x38 ./L0_LowLevel/source/lpc_sys.o
                0x0001ae0c                sys_get_mem_info_str
 .text.TIMER1_IRQHandler
                0x0001ae44       0xbc ./L0_LowLevel/source/lpc_sys.o
                0x0001ae44                TIMER1_IRQHandler
 .text.isr_forwarder_routine
                0x0001af00       0x3c ./L0_LowLevel/source/startup.o
 .text.isr_hard_fault_handler
                0x0001af3c       0x58 ./L0_LowLevel/source/startup.o
                0x0001af3c                isr_hard_fault_handler
 .text._ZL19sys_clock_pll0_feedv
                0x0001af94       0x14 ./L0_LowLevel/source/sys_clock.o
 .text._ZL23sys_clock_configure_plljjPiS_S_.constprop.0
                0x0001afa8       0x7c ./L0_LowLevel/source/sys_clock.o
 .text._Z19sys_clock_configurev
                0x0001b024       0xb0 ./L0_LowLevel/source/sys_clock.o
                0x0001b024                sys_clock_configure()
 .text.sys_get_cpu_clock
                0x0001b0d4       0xa4 ./L0_LowLevel/source/sys_clock.o
                0x0001b0d4                sys_get_cpu_clock
 .text.uart0_init
                0x0001b178       0x60 ./L0_LowLevel/source/uart0_min.o
                0x0001b178                uart0_init
 .text.uart0_getchar
                0x0001b1d8       0x18 ./L0_LowLevel/source/uart0_min.o
                0x0001b1d8                uart0_getchar
 .text.uart0_putchar
                0x0001b1f0       0x18 ./L0_LowLevel/source/uart0_min.o
                0x0001b1f0                uart0_putchar
 .text.uart0_puts
                0x0001b208       0x1a ./L0_LowLevel/source/uart0_min.o
                0x0001b208                uart0_puts
 .text._ZNK10__cxxabiv117__class_type_info11__do_upcastEPKS0_PPv
                0x0001b222       0x34 c:/sjsu_dev/toolchain/bin/../lib/gcc/arm-none-eabi/4.9.3/../../../../arm-none-eabi/lib/armv7-m\libstdc++_nano.a(class_type_info.o)
                0x0001b222                __cxxabiv1::__class_type_info::__do_upcast(__cxxabiv1::__class_type_info const*, void**) const
 .text._ZNK10__cxxabiv117__class_type_info20__do_find_public_srcEiPKvPKS0_S2_
                0x0001b256        0xc c:/sjsu_dev/toolchain/bin/../lib/gcc/arm-none-eabi/4.9.3/../../../../arm-none-eabi/lib/armv7-m\libstdc++_nano.a(class_type_info.o)
                0x0001b256                __cxxabiv1::__class_type_info::__do_find_public_src(int, void const*, __cxxabiv1::__class_type_info const*, void const*) const
 *fill*         0x0001b262        0x2 
 .text._ZN10__cxxabiv117__class_type_infoD2Ev
                0x0001b264       0x14 c:/sjsu_dev/toolchain/bin/../lib/gcc/arm-none-eabi/4.9.3/../../../../arm-none-eabi/lib/armv7-m\libstdc++_nano.a(class_type_info.o)
                0x0001b264                __cxxabiv1::__class_type_info::~__class_type_info()
                0x0001b264                __cxxabiv1::__class_type_info::~__class_type_info()
 .text._ZN10__cxxabiv117__class_type_infoD0Ev
                0x0001b278       0x12 c:/sjsu_dev/toolchain/bin/../lib/gcc/arm-none-eabi/4.9.3/../../../../arm-none-eabi/lib/armv7-m\libstdc++_nano.a(class_type_info.o)
                0x0001b278                __cxxabiv1::__class_type_info::~__class_type_info()
 .text._ZNK10__cxxabiv117__class_type_info11__do_upcastEPKS0_PKvRNS0_15__upcast_resultE
                0x0001b28a       0x18 c:/sjsu_dev/toolchain/bin/../lib/gcc/arm-none-eabi/4.9.3/../../../../arm-none-eabi/lib/armv7-m\libstdc++_nano.a(class_type_info.o)
                0x0001b28a                __cxxabiv1::__class_type_info::__do_upcast(__cxxabiv1::__class_type_info const*, void const*, __cxxabiv1::__class_type_info::__upcast_result&) const
 .text._ZNK10__cxxabiv117__class_type_info10__do_catchEPKSt9type_infoPPvj
                0x0001b2a2       0x2a c:/sjsu_dev/toolchain/bin/../lib/gcc/arm-none-eabi/4.9.3/../../../../arm-none-eabi/lib/armv7-m\libstdc++_nano.a(class_type_info.o)
                0x0001b2a2                __cxxabiv1::__class_type_info::__do_catch(std::type_info const*, void**, unsigned int) const
 .text._ZNK10__cxxabiv117__class_type_info12__do_dyncastEiNS0_10__sub_kindEPKS0_PKvS3_S5_RNS0_16__dyncast_resultE
                0x0001b2cc       0x38 c:/sjsu_dev/toolchain/bin/../lib/gcc/arm-none-eabi/4.9.3/../../../../arm-none-eabi/lib/armv7-m\libstdc++_nano.a(class_type_info.o)
                0x0001b2cc                __cxxabiv1::__class_type_info::__do_dyncast(int, __cxxabiv1::__class_type_info::__sub_kind, __cxxabiv1::__class_type_info const*, void const*, __cxxabiv1::__class_type_info const*, void const*, __cxxabiv1::__class_type_info::__dyncast_result&) const
 .text.__cxa_guard_acquire
                0x0001b304       0x18 c:/sjsu_dev/toolchain/bin/../lib/gcc/arm-none-eabi/4.9.3/../../../../arm-none-eabi/lib/armv7-m\libstdc++_nano.a(guard.o)
                0x0001b304                __cxa_guard_acquire
 .text.__cxa_guard_release
                0x0001b31c        0x6 c:/sjsu_dev/toolchain/bin/../lib/gcc/arm-none-eabi/4.9.3/../../../../arm-none-eabi/lib/armv7-m\libstdc++_nano.a(guard.o)
                0x0001b31c                __cxa_guard_release
 *fill*         0x0001b322        0x2 
 .text._ZN10__cxxabiv121__vmi_class_type_infoD2Ev
                0x0001b324       0x14 c:/sjsu_dev/toolchain/bin/../lib/gcc/arm-none-eabi/4.9.3/../../../../arm-none-eabi/lib/armv7-m\libstdc++_nano.a(vmi_class_type_info.o)
                0x0001b324                __cxxabiv1::__vmi_class_type_info::~__vmi_class_type_info()
                0x0001b324                __cxxabiv1::__vmi_class_type_info::~__vmi_class_type_info()
 .text._ZN10__cxxabiv121__vmi_class_type_infoD0Ev
                0x0001b338       0x12 c:/sjsu_dev/toolchain/bin/../lib/gcc/arm-none-eabi/4.9.3/../../../../arm-none-eabi/lib/armv7-m\libstdc++_nano.a(vmi_class_type_info.o)
                0x0001b338                __cxxabiv1::__vmi_class_type_info::~__vmi_class_type_info()
 .text._ZNK10__cxxabiv121__vmi_class_type_info20__do_find_public_srcEiPKvPKNS_17__class_type_infoES2_
                0x0001b34a       0x76 c:/sjsu_dev/toolchain/bin/../lib/gcc/arm-none-eabi/4.9.3/../../../../arm-none-eabi/lib/armv7-m\libstdc++_nano.a(vmi_class_type_info.o)
                0x0001b34a                __cxxabiv1::__vmi_class_type_info::__do_find_public_src(int, void const*, __cxxabiv1::__class_type_info const*, void const*) const
 .text._ZNK10__cxxabiv117__class_type_info17__find_public_srcEiPKvPKS0_S2_
                0x0001b3c0       0x2a c:/sjsu_dev/toolchain/bin/../lib/gcc/arm-none-eabi/4.9.3/../../../../arm-none-eabi/lib/armv7-m\libstdc++_nano.a(vmi_class_type_info.o)
                0x0001b3c0                __cxxabiv1::__class_type_info::__find_public_src(int, void const*, __cxxabiv1::__class_type_info const*, void const*) const
 .text._ZNK10__cxxabiv121__vmi_class_type_info12__do_dyncastEiNS_17__class_type_info10__sub_kindEPKS1_PKvS4_S6_RNS1_16__dyncast_resultE
                0x0001b3ea      0x284 c:/sjsu_dev/toolchain/bin/../lib/gcc/arm-none-eabi/4.9.3/../../../../arm-none-eabi/lib/armv7-m\libstdc++_nano.a(vmi_class_type_info.o)
                0x0001b3ea                __cxxabiv1::__vmi_class_type_info::__do_dyncast(int, __cxxabiv1::__class_type_info::__sub_kind, __cxxabiv1::__class_type_info const*, void const*, __cxxabiv1::__class_type_info const*, void const*, __cxxabiv1::__class_type_info::__dyncast_result&) const
 .text._ZNK10__cxxabiv121__vmi_class_type_info11__do_upcastEPKNS_17__class_type_infoEPKvRNS1_15__upcast_resultE
                0x0001b66e      0x12e c:/sjsu_dev/toolchain/bin/../lib/gcc/arm-none-eabi/4.9.3/../../../../arm-none-eabi/lib/armv7-m\libstdc++_nano.a(vmi_class_type_info.o)
                0x0001b66e                __cxxabiv1::__vmi_class_type_info::__do_upcast(__cxxabiv1::__class_type_info const*, void const*, __cxxabiv1::__class_type_info::__upcast_result&) const
 .text._ZN10__cxxabiv120__si_class_type_infoD2Ev
                0x0001b79c       0x14 c:/sjsu_dev/toolchain/bin/../lib/gcc/arm-none-eabi/4.9.3/../../../../arm-none-eabi/lib/armv7-m\libstdc++_nano.a(si_class_type_info.o)
                0x0001b79c                __cxxabiv1::__si_class_type_info::~__si_class_type_info()
                0x0001b79c                __cxxabiv1::__si_class_type_info::~__si_class_type_info()
 .text._ZN10__cxxabiv120__si_class_type_infoD0Ev